{"timestamp":"2026-01-21T15:31:45.544511","level":"info","event":"DAG bundles loaded: dags-folder","logger":"airflow.dag_processing.bundles.manager.DagBundlesManager"}
{"timestamp":"2026-01-21T15:31:45.545039","level":"info","event":"Filling up the DagBag from /opt/airflow/dags/dag_bd.py","logger":"airflow.models.dagbag.DagBag"}
{"timestamp":"2026-01-21T15:31:45.889805","level":"info","event":"Poking for tasks ['limpieza_silver'] in dag dag_limpiar on 2026-01-21T15:31:40.738000+00:00 ... ","logger":"airflow.task.operators.airflow.providers.standard.sensors.external_task.ExternalTaskSensor"}
{"timestamp":"2026-01-21T15:31:46.121254","level":"info","event":"Rescheduling task, marking task as UP_FOR_RESCHEDULE","logger":"task"}
{"timestamp":"2026-01-21T15:32:46.422079","level":"info","event":"DAG bundles loaded: dags-folder","logger":"airflow.dag_processing.bundles.manager.DagBundlesManager"}
{"timestamp":"2026-01-21T15:32:46.422371","level":"info","event":"Filling up the DagBag from /opt/airflow/dags/dag_bd.py","logger":"airflow.models.dagbag.DagBag"}
{"timestamp":"2026-01-21T15:32:46.638664","level":"info","event":"Poking for tasks ['limpieza_silver'] in dag dag_limpiar on 2026-01-21T15:31:40.738000+00:00 ... ","logger":"airflow.task.operators.airflow.providers.standard.sensors.external_task.ExternalTaskSensor"}
{"timestamp":"2026-01-21T15:32:46.648203","level":"info","event":"Rescheduling task, marking task as UP_FOR_RESCHEDULE","logger":"task"}
{"timestamp":"2026-01-21T15:33:47.804358","level":"info","event":"DAG bundles loaded: dags-folder","logger":"airflow.dag_processing.bundles.manager.DagBundlesManager"}
{"timestamp":"2026-01-21T15:33:47.804662","level":"info","event":"Filling up the DagBag from /opt/airflow/dags/dag_bd.py","logger":"airflow.models.dagbag.DagBag"}
{"timestamp":"2026-01-21T15:33:48.018832","level":"info","event":"Poking for tasks ['limpieza_silver'] in dag dag_limpiar on 2026-01-21T15:31:40.738000+00:00 ... ","logger":"airflow.task.operators.airflow.providers.standard.sensors.external_task.ExternalTaskSensor"}
{"timestamp":"2026-01-21T15:33:48.030243","level":"info","event":"Rescheduling task, marking task as UP_FOR_RESCHEDULE","logger":"task"}
{"timestamp":"2026-01-21T15:34:49.170962","level":"info","event":"DAG bundles loaded: dags-folder","logger":"airflow.dag_processing.bundles.manager.DagBundlesManager"}
{"timestamp":"2026-01-21T15:34:49.171319","level":"info","event":"Filling up the DagBag from /opt/airflow/dags/dag_bd.py","logger":"airflow.models.dagbag.DagBag"}
{"timestamp":"2026-01-21T15:34:49.454937","level":"info","event":"Poking for tasks ['limpieza_silver'] in dag dag_limpiar on 2026-01-21T15:31:40.738000+00:00 ... ","logger":"airflow.task.operators.airflow.providers.standard.sensors.external_task.ExternalTaskSensor"}
{"timestamp":"2026-01-21T15:34:49.464666","level":"info","event":"Rescheduling task, marking task as UP_FOR_RESCHEDULE","logger":"task"}
{"timestamp":"2026-01-21T15:35:50.507098","level":"info","event":"DAG bundles loaded: dags-folder","logger":"airflow.dag_processing.bundles.manager.DagBundlesManager"}
{"timestamp":"2026-01-21T15:35:50.507527","level":"info","event":"Filling up the DagBag from /opt/airflow/dags/dag_bd.py","logger":"airflow.models.dagbag.DagBag"}
{"timestamp":"2026-01-21T15:35:50.770813","level":"info","event":"Poking for tasks ['limpieza_silver'] in dag dag_limpiar on 2026-01-21T15:31:40.738000+00:00 ... ","logger":"airflow.task.operators.airflow.providers.standard.sensors.external_task.ExternalTaskSensor"}
{"timestamp":"2026-01-21T15:35:50.780005","level":"info","event":"Rescheduling task, marking task as UP_FOR_RESCHEDULE","logger":"task"}
{"timestamp":"2026-01-21T15:36:51.785898","level":"info","event":"DAG bundles loaded: dags-folder","logger":"airflow.dag_processing.bundles.manager.DagBundlesManager"}
{"timestamp":"2026-01-21T15:36:51.786176","level":"info","event":"Filling up the DagBag from /opt/airflow/dags/dag_bd.py","logger":"airflow.models.dagbag.DagBag"}
{"timestamp":"2026-01-21T15:36:51.972996","level":"info","event":"Poking for tasks ['limpieza_silver'] in dag dag_limpiar on 2026-01-21T15:31:40.738000+00:00 ... ","logger":"airflow.task.operators.airflow.providers.standard.sensors.external_task.ExternalTaskSensor"}
{"timestamp":"2026-01-21T15:36:51.982341","level":"info","event":"Rescheduling task, marking task as UP_FOR_RESCHEDULE","logger":"task"}
{"timestamp":"2026-01-21T15:37:52.335456","level":"info","event":"DAG bundles loaded: dags-folder","logger":"airflow.dag_processing.bundles.manager.DagBundlesManager"}
{"timestamp":"2026-01-21T15:37:52.335813","level":"info","event":"Filling up the DagBag from /opt/airflow/dags/dag_bd.py","logger":"airflow.models.dagbag.DagBag"}
{"timestamp":"2026-01-21T15:37:52.542007","level":"info","event":"Poking for tasks ['limpieza_silver'] in dag dag_limpiar on 2026-01-21T15:31:40.738000+00:00 ... ","logger":"airflow.task.operators.airflow.providers.standard.sensors.external_task.ExternalTaskSensor"}
{"timestamp":"2026-01-21T15:37:52.549221","level":"info","event":"Rescheduling task, marking task as UP_FOR_RESCHEDULE","logger":"task"}
{"timestamp":"2026-01-21T15:38:52.964484","level":"info","event":"DAG bundles loaded: dags-folder","logger":"airflow.dag_processing.bundles.manager.DagBundlesManager"}
{"timestamp":"2026-01-21T15:38:52.964798","level":"info","event":"Filling up the DagBag from /opt/airflow/dags/dag_bd.py","logger":"airflow.models.dagbag.DagBag"}
{"timestamp":"2026-01-21T15:38:53.186334","level":"info","event":"Poking for tasks ['limpieza_silver'] in dag dag_limpiar on 2026-01-21T15:31:40.738000+00:00 ... ","logger":"airflow.task.operators.airflow.providers.standard.sensors.external_task.ExternalTaskSensor"}
{"timestamp":"2026-01-21T15:38:53.193834","level":"info","event":"Rescheduling task, marking task as UP_FOR_RESCHEDULE","logger":"task"}
{"timestamp":"2026-01-21T15:39:54.521263","level":"info","event":"DAG bundles loaded: dags-folder","logger":"airflow.dag_processing.bundles.manager.DagBundlesManager"}
{"timestamp":"2026-01-21T15:39:54.521564","level":"info","event":"Filling up the DagBag from /opt/airflow/dags/dag_bd.py","logger":"airflow.models.dagbag.DagBag"}
{"timestamp":"2026-01-21T15:39:54.856715","level":"info","event":"Poking for tasks ['limpieza_silver'] in dag dag_limpiar on 2026-01-21T15:31:40.738000+00:00 ... ","logger":"airflow.task.operators.airflow.providers.standard.sensors.external_task.ExternalTaskSensor"}
{"timestamp":"2026-01-21T15:39:54.866864","level":"info","event":"Rescheduling task, marking task as UP_FOR_RESCHEDULE","logger":"task"}
{"timestamp":"2026-01-21T15:40:56.111195","level":"info","event":"DAG bundles loaded: dags-folder","logger":"airflow.dag_processing.bundles.manager.DagBundlesManager"}
{"timestamp":"2026-01-21T15:40:56.111488","level":"info","event":"Filling up the DagBag from /opt/airflow/dags/dag_bd.py","logger":"airflow.models.dagbag.DagBag"}
{"timestamp":"2026-01-21T15:40:56.536009","level":"info","event":"Poking for tasks ['limpieza_silver'] in dag dag_limpiar on 2026-01-21T15:31:40.738000+00:00 ... ","logger":"airflow.task.operators.airflow.providers.standard.sensors.external_task.ExternalTaskSensor"}
{"timestamp":"2026-01-21T15:40:56.545258","level":"info","event":"Rescheduling task, marking task as UP_FOR_RESCHEDULE","logger":"task"}
{"timestamp":"2026-01-21T15:41:57.111975","level":"info","event":"DAG bundles loaded: dags-folder","logger":"airflow.dag_processing.bundles.manager.DagBundlesManager"}
{"timestamp":"2026-01-21T15:41:57.112258","level":"info","event":"Filling up the DagBag from /opt/airflow/dags/dag_bd.py","logger":"airflow.models.dagbag.DagBag"}
{"timestamp":"2026-01-21T15:41:57.317911","level":"info","event":"Poking for tasks ['limpieza_silver'] in dag dag_limpiar on 2026-01-21T15:31:40.738000+00:00 ... ","logger":"airflow.task.operators.airflow.providers.standard.sensors.external_task.ExternalTaskSensor"}
{"timestamp":"2026-01-21T15:41:57.327259","level":"error","event":"Task failed with exception","logger":"task","error_detail":[{"exc_type":"AirflowSensorTimeout","exc_value":"Sensor has timed out; run duration of 611.194201 seconds exceeds the specified timeout of 600.0.","exc_notes":[],"syntax_error":null,"is_cause":false,"frames":[{"filename":"/home/airflow/.local/lib/python3.12/site-packages/airflow/sdk/execution_time/task_runner.py","lineno":838,"name":"run"},{"filename":"/home/airflow/.local/lib/python3.12/site-packages/airflow/sdk/execution_time/task_runner.py","lineno":1130,"name":"_execute_task"},{"filename":"/home/airflow/.local/lib/python3.12/site-packages/airflow/sdk/bases/operator.py","lineno":408,"name":"wrapper"},{"filename":"/home/airflow/.local/lib/python3.12/site-packages/airflow/providers/standard/sensors/external_task.py","lineno":418,"name":"execute"},{"filename":"/home/airflow/.local/lib/python3.12/site-packages/airflow/sdk/bases/operator.py","lineno":408,"name":"wrapper"},{"filename":"/home/airflow/.local/lib/python3.12/site-packages/airflow/sdk/bases/sensor.py","lineno":243,"name":"execute"}]}]}
