{"timestamp":"2026-01-07T16:23:38.253343","level":"info","event":"Filling up the DagBag from /opt/airflow/dags/DAG_Alumnos.py","logger":"airflow.models.dagbag.DagBag"}
{"timestamp":"2026-01-07T16:23:38.255818","level":"error","event":"Failed to import: /opt/airflow/dags/DAG_Alumnos.py","logger":"airflow.models.dagbag.DagBag","error_detail":[{"exc_type":"IndentationError","exc_value":"unexpected indent (DAG_Alumnos.py, line 49)","exc_notes":[],"syntax_error":{"offset":8,"filename":"/opt/airflow/dags/DAG_Alumnos.py","line":"        (task_id=\"resumen\", \n","lineno":49,"msg":"unexpected indent"},"is_cause":false,"frames":[{"filename":"/home/airflow/.local/lib/python3.12/site-packages/airflow/models/dagbag.py","lineno":382,"name":"parse"},{"filename":"<frozen importlib._bootstrap_external>","lineno":995,"name":"exec_module"},{"filename":"<frozen importlib._bootstrap_external>","lineno":1133,"name":"get_code"},{"filename":"<frozen importlib._bootstrap_external>","lineno":1063,"name":"source_to_code"},{"filename":"<frozen importlib._bootstrap>","lineno":488,"name":"_call_with_frames_removed"}]}]}
{"timestamp":"2026-01-07T16:24:08.729217","level":"info","event":"Filling up the DagBag from /opt/airflow/dags/DAG_Alumnos.py","logger":"airflow.models.dagbag.DagBag"}
{"timestamp":"2026-01-07T16:24:08.731280","level":"error","event":"Failed to import: /opt/airflow/dags/DAG_Alumnos.py","logger":"airflow.models.dagbag.DagBag","error_detail":[{"exc_type":"IndentationError","exc_value":"unexpected indent (DAG_Alumnos.py, line 49)","exc_notes":[],"syntax_error":{"offset":8,"filename":"/opt/airflow/dags/DAG_Alumnos.py","line":"        (task_id=\"resumen\", \n","lineno":49,"msg":"unexpected indent"},"is_cause":false,"frames":[{"filename":"/home/airflow/.local/lib/python3.12/site-packages/airflow/models/dagbag.py","lineno":382,"name":"parse"},{"filename":"<frozen importlib._bootstrap_external>","lineno":995,"name":"exec_module"},{"filename":"<frozen importlib._bootstrap_external>","lineno":1133,"name":"get_code"},{"filename":"<frozen importlib._bootstrap_external>","lineno":1063,"name":"source_to_code"},{"filename":"<frozen importlib._bootstrap>","lineno":488,"name":"_call_with_frames_removed"}]}]}
{"timestamp":"2026-01-07T16:24:39.185506","level":"info","event":"Filling up the DagBag from /opt/airflow/dags/DAG_Alumnos.py","logger":"airflow.models.dagbag.DagBag"}
{"timestamp":"2026-01-07T16:24:39.187655","level":"error","event":"Failed to import: /opt/airflow/dags/DAG_Alumnos.py","logger":"airflow.models.dagbag.DagBag","error_detail":[{"exc_type":"IndentationError","exc_value":"unexpected indent (DAG_Alumnos.py, line 49)","exc_notes":[],"syntax_error":{"offset":8,"filename":"/opt/airflow/dags/DAG_Alumnos.py","line":"        (task_id=\"resumen\", \n","lineno":49,"msg":"unexpected indent"},"is_cause":false,"frames":[{"filename":"/home/airflow/.local/lib/python3.12/site-packages/airflow/models/dagbag.py","lineno":382,"name":"parse"},{"filename":"<frozen importlib._bootstrap_external>","lineno":995,"name":"exec_module"},{"filename":"<frozen importlib._bootstrap_external>","lineno":1133,"name":"get_code"},{"filename":"<frozen importlib._bootstrap_external>","lineno":1063,"name":"source_to_code"},{"filename":"<frozen importlib._bootstrap>","lineno":488,"name":"_call_with_frames_removed"}]}]}
{"timestamp":"2026-01-07T16:25:09.678642","level":"info","event":"Filling up the DagBag from /opt/airflow/dags/DAG_Alumnos.py","logger":"airflow.models.dagbag.DagBag"}
{"timestamp":"2026-01-07T16:25:09.680881","level":"error","event":"Failed to import: /opt/airflow/dags/DAG_Alumnos.py","logger":"airflow.models.dagbag.DagBag","error_detail":[{"exc_type":"IndentationError","exc_value":"unexpected indent (DAG_Alumnos.py, line 49)","exc_notes":[],"syntax_error":{"offset":8,"filename":"/opt/airflow/dags/DAG_Alumnos.py","line":"        (task_id=\"resumen\", \n","lineno":49,"msg":"unexpected indent"},"is_cause":false,"frames":[{"filename":"/home/airflow/.local/lib/python3.12/site-packages/airflow/models/dagbag.py","lineno":382,"name":"parse"},{"filename":"<frozen importlib._bootstrap_external>","lineno":995,"name":"exec_module"},{"filename":"<frozen importlib._bootstrap_external>","lineno":1133,"name":"get_code"},{"filename":"<frozen importlib._bootstrap_external>","lineno":1063,"name":"source_to_code"},{"filename":"<frozen importlib._bootstrap>","lineno":488,"name":"_call_with_frames_removed"}]}]}
{"timestamp":"2026-01-07T16:25:40.137462","level":"info","event":"Filling up the DagBag from /opt/airflow/dags/DAG_Alumnos.py","logger":"airflow.models.dagbag.DagBag"}
{"timestamp":"2026-01-07T16:25:40.140224","level":"error","event":"Failed to import: /opt/airflow/dags/DAG_Alumnos.py","logger":"airflow.models.dagbag.DagBag","error_detail":[{"exc_type":"IndentationError","exc_value":"unexpected indent (DAG_Alumnos.py, line 49)","exc_notes":[],"syntax_error":{"offset":8,"filename":"/opt/airflow/dags/DAG_Alumnos.py","line":"        (task_id=\"resumen\", \n","lineno":49,"msg":"unexpected indent"},"is_cause":false,"frames":[{"filename":"/home/airflow/.local/lib/python3.12/site-packages/airflow/models/dagbag.py","lineno":382,"name":"parse"},{"filename":"<frozen importlib._bootstrap_external>","lineno":995,"name":"exec_module"},{"filename":"<frozen importlib._bootstrap_external>","lineno":1133,"name":"get_code"},{"filename":"<frozen importlib._bootstrap_external>","lineno":1063,"name":"source_to_code"},{"filename":"<frozen importlib._bootstrap>","lineno":488,"name":"_call_with_frames_removed"}]}]}
{"timestamp":"2026-01-07T16:26:10.615249","level":"info","event":"Filling up the DagBag from /opt/airflow/dags/DAG_Alumnos.py","logger":"airflow.models.dagbag.DagBag"}
{"timestamp":"2026-01-07T16:26:10.617251","level":"error","event":"Failed to import: /opt/airflow/dags/DAG_Alumnos.py","logger":"airflow.models.dagbag.DagBag","error_detail":[{"exc_type":"IndentationError","exc_value":"unexpected indent (DAG_Alumnos.py, line 49)","exc_notes":[],"syntax_error":{"offset":8,"filename":"/opt/airflow/dags/DAG_Alumnos.py","line":"        (task_id=\"resumen\", \n","lineno":49,"msg":"unexpected indent"},"is_cause":false,"frames":[{"filename":"/home/airflow/.local/lib/python3.12/site-packages/airflow/models/dagbag.py","lineno":382,"name":"parse"},{"filename":"<frozen importlib._bootstrap_external>","lineno":995,"name":"exec_module"},{"filename":"<frozen importlib._bootstrap_external>","lineno":1133,"name":"get_code"},{"filename":"<frozen importlib._bootstrap_external>","lineno":1063,"name":"source_to_code"},{"filename":"<frozen importlib._bootstrap>","lineno":488,"name":"_call_with_frames_removed"}]}]}
{"timestamp":"2026-01-07T16:26:19.900561","level":"info","event":"Filling up the DagBag from /opt/airflow/dags/DAG_Alumnos.py","logger":"airflow.models.dagbag.DagBag"}
{"timestamp":"2026-01-07T16:26:19.904492","level":"error","event":"Failed to import: /opt/airflow/dags/DAG_Alumnos.py","logger":"airflow.models.dagbag.DagBag","error_detail":[{"exc_type":"ModuleNotFoundError","exc_value":"No module named 'include'","exc_notes":[],"syntax_error":null,"is_cause":false,"frames":[{"filename":"/home/airflow/.local/lib/python3.12/site-packages/airflow/models/dagbag.py","lineno":382,"name":"parse"},{"filename":"<frozen importlib._bootstrap_external>","lineno":999,"name":"exec_module"},{"filename":"<frozen importlib._bootstrap>","lineno":488,"name":"_call_with_frames_removed"},{"filename":"/opt/airflow/dags/DAG_Alumnos.py","lineno":9,"name":"<module>"}]}]}
{"timestamp":"2026-01-07T16:26:50.413822","level":"info","event":"Filling up the DagBag from /opt/airflow/dags/DAG_Alumnos.py","logger":"airflow.models.dagbag.DagBag"}
{"timestamp":"2026-01-07T16:26:50.418640","level":"error","event":"Failed to import: /opt/airflow/dags/DAG_Alumnos.py","logger":"airflow.models.dagbag.DagBag","error_detail":[{"exc_type":"ModuleNotFoundError","exc_value":"No module named 'include'","exc_notes":[],"syntax_error":null,"is_cause":false,"frames":[{"filename":"/home/airflow/.local/lib/python3.12/site-packages/airflow/models/dagbag.py","lineno":382,"name":"parse"},{"filename":"<frozen importlib._bootstrap_external>","lineno":999,"name":"exec_module"},{"filename":"<frozen importlib._bootstrap>","lineno":488,"name":"_call_with_frames_removed"},{"filename":"/opt/airflow/dags/DAG_Alumnos.py","lineno":9,"name":"<module>"}]}]}
{"timestamp":"2026-01-07T16:27:20.891426","level":"info","event":"Filling up the DagBag from /opt/airflow/dags/DAG_Alumnos.py","logger":"airflow.models.dagbag.DagBag"}
{"timestamp":"2026-01-07T16:27:20.893822","level":"error","event":"Failed to import: /opt/airflow/dags/DAG_Alumnos.py","logger":"airflow.models.dagbag.DagBag","error_detail":[{"exc_type":"ModuleNotFoundError","exc_value":"No module named 'include'","exc_notes":[],"syntax_error":null,"is_cause":false,"frames":[{"filename":"/home/airflow/.local/lib/python3.12/site-packages/airflow/models/dagbag.py","lineno":382,"name":"parse"},{"filename":"<frozen importlib._bootstrap_external>","lineno":999,"name":"exec_module"},{"filename":"<frozen importlib._bootstrap>","lineno":488,"name":"_call_with_frames_removed"},{"filename":"/opt/airflow/dags/DAG_Alumnos.py","lineno":9,"name":"<module>"}]}]}
{"timestamp":"2026-01-07T16:27:51.357974","level":"info","event":"Filling up the DagBag from /opt/airflow/dags/DAG_Alumnos.py","logger":"airflow.models.dagbag.DagBag"}
{"timestamp":"2026-01-07T16:27:51.360462","level":"error","event":"Failed to import: /opt/airflow/dags/DAG_Alumnos.py","logger":"airflow.models.dagbag.DagBag","error_detail":[{"exc_type":"ModuleNotFoundError","exc_value":"No module named 'include'","exc_notes":[],"syntax_error":null,"is_cause":false,"frames":[{"filename":"/home/airflow/.local/lib/python3.12/site-packages/airflow/models/dagbag.py","lineno":382,"name":"parse"},{"filename":"<frozen importlib._bootstrap_external>","lineno":999,"name":"exec_module"},{"filename":"<frozen importlib._bootstrap>","lineno":488,"name":"_call_with_frames_removed"},{"filename":"/opt/airflow/dags/DAG_Alumnos.py","lineno":9,"name":"<module>"}]}]}
{"timestamp":"2026-01-07T16:28:21.846747","level":"info","event":"Filling up the DagBag from /opt/airflow/dags/DAG_Alumnos.py","logger":"airflow.models.dagbag.DagBag"}
{"timestamp":"2026-01-07T16:28:21.849961","level":"error","event":"Failed to import: /opt/airflow/dags/DAG_Alumnos.py","logger":"airflow.models.dagbag.DagBag","error_detail":[{"exc_type":"ModuleNotFoundError","exc_value":"No module named 'include'","exc_notes":[],"syntax_error":null,"is_cause":false,"frames":[{"filename":"/home/airflow/.local/lib/python3.12/site-packages/airflow/models/dagbag.py","lineno":382,"name":"parse"},{"filename":"<frozen importlib._bootstrap_external>","lineno":999,"name":"exec_module"},{"filename":"<frozen importlib._bootstrap>","lineno":488,"name":"_call_with_frames_removed"},{"filename":"/opt/airflow/dags/DAG_Alumnos.py","lineno":9,"name":"<module>"}]}]}
{"timestamp":"2026-01-07T16:28:52.306384","level":"info","event":"Filling up the DagBag from /opt/airflow/dags/DAG_Alumnos.py","logger":"airflow.models.dagbag.DagBag"}
{"timestamp":"2026-01-07T16:28:52.309084","level":"error","event":"Failed to import: /opt/airflow/dags/DAG_Alumnos.py","logger":"airflow.models.dagbag.DagBag","error_detail":[{"exc_type":"ImportError","exc_value":"cannot import name 'crear_csv_ejemplo' from 'include.alumnos_csv' (/opt/airflow/dags/include/alumnos_csv.py)","exc_notes":[],"syntax_error":null,"is_cause":false,"frames":[{"filename":"/home/airflow/.local/lib/python3.12/site-packages/airflow/models/dagbag.py","lineno":382,"name":"parse"},{"filename":"<frozen importlib._bootstrap_external>","lineno":999,"name":"exec_module"},{"filename":"<frozen importlib._bootstrap>","lineno":488,"name":"_call_with_frames_removed"},{"filename":"/opt/airflow/dags/DAG_Alumnos.py","lineno":9,"name":"<module>"}]}]}
{"timestamp":"2026-01-07T16:29:22.784980","level":"info","event":"Filling up the DagBag from /opt/airflow/dags/DAG_Alumnos.py","logger":"airflow.models.dagbag.DagBag"}
{"timestamp":"2026-01-07T16:29:22.787774","level":"error","event":"Failed to import: /opt/airflow/dags/DAG_Alumnos.py","logger":"airflow.models.dagbag.DagBag","error_detail":[{"exc_type":"ImportError","exc_value":"cannot import name 'crear_csv_ejemplo' from 'include.alumnos_csv' (/opt/airflow/dags/include/alumnos_csv.py)","exc_notes":[],"syntax_error":null,"is_cause":false,"frames":[{"filename":"/home/airflow/.local/lib/python3.12/site-packages/airflow/models/dagbag.py","lineno":382,"name":"parse"},{"filename":"<frozen importlib._bootstrap_external>","lineno":999,"name":"exec_module"},{"filename":"<frozen importlib._bootstrap>","lineno":488,"name":"_call_with_frames_removed"},{"filename":"/opt/airflow/dags/DAG_Alumnos.py","lineno":9,"name":"<module>"}]}]}
{"timestamp":"2026-01-07T16:29:53.273288","level":"info","event":"Filling up the DagBag from /opt/airflow/dags/DAG_Alumnos.py","logger":"airflow.models.dagbag.DagBag"}
{"timestamp":"2026-01-07T16:29:53.275791","level":"error","event":"Failed to import: /opt/airflow/dags/DAG_Alumnos.py","logger":"airflow.models.dagbag.DagBag","error_detail":[{"exc_type":"ImportError","exc_value":"cannot import name 'crear_csv_ejemplo' from 'include.alumnos_csv' (/opt/airflow/dags/include/alumnos_csv.py)","exc_notes":[],"syntax_error":null,"is_cause":false,"frames":[{"filename":"/home/airflow/.local/lib/python3.12/site-packages/airflow/models/dagbag.py","lineno":382,"name":"parse"},{"filename":"<frozen importlib._bootstrap_external>","lineno":999,"name":"exec_module"},{"filename":"<frozen importlib._bootstrap>","lineno":488,"name":"_call_with_frames_removed"},{"filename":"/opt/airflow/dags/DAG_Alumnos.py","lineno":9,"name":"<module>"}]}]}
{"timestamp":"2026-01-07T16:30:23.726297","level":"info","event":"Filling up the DagBag from /opt/airflow/dags/DAG_Alumnos.py","logger":"airflow.models.dagbag.DagBag"}
{"timestamp":"2026-01-07T16:30:23.728997","level":"error","event":"Failed to import: /opt/airflow/dags/DAG_Alumnos.py","logger":"airflow.models.dagbag.DagBag","error_detail":[{"exc_type":"ImportError","exc_value":"cannot import name 'crear_csv_ejemplo' from 'include.alumnos_csv' (/opt/airflow/dags/include/alumnos_csv.py)","exc_notes":[],"syntax_error":null,"is_cause":false,"frames":[{"filename":"/home/airflow/.local/lib/python3.12/site-packages/airflow/models/dagbag.py","lineno":382,"name":"parse"},{"filename":"<frozen importlib._bootstrap_external>","lineno":999,"name":"exec_module"},{"filename":"<frozen importlib._bootstrap>","lineno":488,"name":"_call_with_frames_removed"},{"filename":"/opt/airflow/dags/DAG_Alumnos.py","lineno":9,"name":"<module>"}]}]}
{"timestamp":"2026-01-07T16:30:54.203434","level":"info","event":"Filling up the DagBag from /opt/airflow/dags/DAG_Alumnos.py","logger":"airflow.models.dagbag.DagBag"}
{"timestamp":"2026-01-07T16:30:54.207144","level":"error","event":"Failed to import: /opt/airflow/dags/DAG_Alumnos.py","logger":"airflow.models.dagbag.DagBag","error_detail":[{"exc_type":"ImportError","exc_value":"cannot import name 'crear_csv_ejemplo' from 'include.alumnos_csv' (/opt/airflow/dags/include/alumnos_csv.py)","exc_notes":[],"syntax_error":null,"is_cause":false,"frames":[{"filename":"/home/airflow/.local/lib/python3.12/site-packages/airflow/models/dagbag.py","lineno":382,"name":"parse"},{"filename":"<frozen importlib._bootstrap_external>","lineno":999,"name":"exec_module"},{"filename":"<frozen importlib._bootstrap>","lineno":488,"name":"_call_with_frames_removed"},{"filename":"/opt/airflow/dags/DAG_Alumnos.py","lineno":9,"name":"<module>"}]}]}
{"timestamp":"2026-01-07T16:31:24.636902","level":"info","event":"Filling up the DagBag from /opt/airflow/dags/DAG_Alumnos.py","logger":"airflow.models.dagbag.DagBag"}
{"timestamp":"2026-01-07T16:31:24.639237","level":"error","event":"Failed to import: /opt/airflow/dags/DAG_Alumnos.py","logger":"airflow.models.dagbag.DagBag","error_detail":[{"exc_type":"ImportError","exc_value":"cannot import name 'crear_csv_ejemplo' from 'include.alumnos_csv' (/opt/airflow/dags/include/alumnos_csv.py)","exc_notes":[],"syntax_error":null,"is_cause":false,"frames":[{"filename":"/home/airflow/.local/lib/python3.12/site-packages/airflow/models/dagbag.py","lineno":382,"name":"parse"},{"filename":"<frozen importlib._bootstrap_external>","lineno":999,"name":"exec_module"},{"filename":"<frozen importlib._bootstrap>","lineno":488,"name":"_call_with_frames_removed"},{"filename":"/opt/airflow/dags/DAG_Alumnos.py","lineno":9,"name":"<module>"}]}]}
{"timestamp":"2026-01-07T16:31:55.103815","level":"info","event":"Filling up the DagBag from /opt/airflow/dags/DAG_Alumnos.py","logger":"airflow.models.dagbag.DagBag"}
{"timestamp":"2026-01-07T16:31:55.106288","level":"error","event":"Failed to import: /opt/airflow/dags/DAG_Alumnos.py","logger":"airflow.models.dagbag.DagBag","error_detail":[{"exc_type":"ImportError","exc_value":"cannot import name 'crear_csv_ejemplo' from 'include.alumnos_csv' (/opt/airflow/dags/include/alumnos_csv.py)","exc_notes":[],"syntax_error":null,"is_cause":false,"frames":[{"filename":"/home/airflow/.local/lib/python3.12/site-packages/airflow/models/dagbag.py","lineno":382,"name":"parse"},{"filename":"<frozen importlib._bootstrap_external>","lineno":999,"name":"exec_module"},{"filename":"<frozen importlib._bootstrap>","lineno":488,"name":"_call_with_frames_removed"},{"filename":"/opt/airflow/dags/DAG_Alumnos.py","lineno":9,"name":"<module>"}]}]}
{"timestamp":"2026-01-07T16:32:25.558617","level":"info","event":"Filling up the DagBag from /opt/airflow/dags/DAG_Alumnos.py","logger":"airflow.models.dagbag.DagBag"}
{"timestamp":"2026-01-07T16:32:25.561446","level":"error","event":"Failed to import: /opt/airflow/dags/DAG_Alumnos.py","logger":"airflow.models.dagbag.DagBag","error_detail":[{"exc_type":"ImportError","exc_value":"cannot import name 'crear_csv_ejemplo' from 'include.alumnos_csv' (/opt/airflow/dags/include/alumnos_csv.py)","exc_notes":[],"syntax_error":null,"is_cause":false,"frames":[{"filename":"/home/airflow/.local/lib/python3.12/site-packages/airflow/models/dagbag.py","lineno":382,"name":"parse"},{"filename":"<frozen importlib._bootstrap_external>","lineno":999,"name":"exec_module"},{"filename":"<frozen importlib._bootstrap>","lineno":488,"name":"_call_with_frames_removed"},{"filename":"/opt/airflow/dags/DAG_Alumnos.py","lineno":9,"name":"<module>"}]}]}
{"timestamp":"2026-01-07T16:32:56.044060","level":"info","event":"Filling up the DagBag from /opt/airflow/dags/DAG_Alumnos.py","logger":"airflow.models.dagbag.DagBag"}
{"timestamp":"2026-01-07T16:32:56.047118","level":"error","event":"Failed to import: /opt/airflow/dags/DAG_Alumnos.py","logger":"airflow.models.dagbag.DagBag","error_detail":[{"exc_type":"ImportError","exc_value":"cannot import name 'crear_csv_ejemplo' from 'include.alumnos_csv' (/opt/airflow/dags/include/alumnos_csv.py)","exc_notes":[],"syntax_error":null,"is_cause":false,"frames":[{"filename":"/home/airflow/.local/lib/python3.12/site-packages/airflow/models/dagbag.py","lineno":382,"name":"parse"},{"filename":"<frozen importlib._bootstrap_external>","lineno":999,"name":"exec_module"},{"filename":"<frozen importlib._bootstrap>","lineno":488,"name":"_call_with_frames_removed"},{"filename":"/opt/airflow/dags/DAG_Alumnos.py","lineno":9,"name":"<module>"}]}]}
{"timestamp":"2026-01-07T16:33:26.457717","level":"info","event":"Filling up the DagBag from /opt/airflow/dags/DAG_Alumnos.py","logger":"airflow.models.dagbag.DagBag"}
{"timestamp":"2026-01-07T16:33:26.460879","level":"error","event":"Failed to import: /opt/airflow/dags/DAG_Alumnos.py","logger":"airflow.models.dagbag.DagBag","error_detail":[{"exc_type":"ImportError","exc_value":"cannot import name 'crear_csv_ejemplo' from 'include.alumnos_csv' (/opt/airflow/dags/include/alumnos_csv.py)","exc_notes":[],"syntax_error":null,"is_cause":false,"frames":[{"filename":"/home/airflow/.local/lib/python3.12/site-packages/airflow/models/dagbag.py","lineno":382,"name":"parse"},{"filename":"<frozen importlib._bootstrap_external>","lineno":999,"name":"exec_module"},{"filename":"<frozen importlib._bootstrap>","lineno":488,"name":"_call_with_frames_removed"},{"filename":"/opt/airflow/dags/DAG_Alumnos.py","lineno":9,"name":"<module>"}]}]}
{"timestamp":"2026-01-07T16:33:56.907868","level":"info","event":"Filling up the DagBag from /opt/airflow/dags/DAG_Alumnos.py","logger":"airflow.models.dagbag.DagBag"}
{"timestamp":"2026-01-07T16:33:56.910564","level":"error","event":"Failed to import: /opt/airflow/dags/DAG_Alumnos.py","logger":"airflow.models.dagbag.DagBag","error_detail":[{"exc_type":"ImportError","exc_value":"cannot import name 'crear_csv_ejemplo' from 'include.alumnos_csv' (/opt/airflow/dags/include/alumnos_csv.py)","exc_notes":[],"syntax_error":null,"is_cause":false,"frames":[{"filename":"/home/airflow/.local/lib/python3.12/site-packages/airflow/models/dagbag.py","lineno":382,"name":"parse"},{"filename":"<frozen importlib._bootstrap_external>","lineno":999,"name":"exec_module"},{"filename":"<frozen importlib._bootstrap>","lineno":488,"name":"_call_with_frames_removed"},{"filename":"/opt/airflow/dags/DAG_Alumnos.py","lineno":9,"name":"<module>"}]}]}
{"timestamp":"2026-01-07T16:34:27.388825","level":"info","event":"Filling up the DagBag from /opt/airflow/dags/DAG_Alumnos.py","logger":"airflow.models.dagbag.DagBag"}
{"timestamp":"2026-01-07T16:34:27.391372","level":"error","event":"Failed to import: /opt/airflow/dags/DAG_Alumnos.py","logger":"airflow.models.dagbag.DagBag","error_detail":[{"exc_type":"ImportError","exc_value":"cannot import name 'crear_csv_ejemplo' from 'include.alumnos_csv' (/opt/airflow/dags/include/alumnos_csv.py)","exc_notes":[],"syntax_error":null,"is_cause":false,"frames":[{"filename":"/home/airflow/.local/lib/python3.12/site-packages/airflow/models/dagbag.py","lineno":382,"name":"parse"},{"filename":"<frozen importlib._bootstrap_external>","lineno":999,"name":"exec_module"},{"filename":"<frozen importlib._bootstrap>","lineno":488,"name":"_call_with_frames_removed"},{"filename":"/opt/airflow/dags/DAG_Alumnos.py","lineno":9,"name":"<module>"}]}]}
{"timestamp":"2026-01-07T16:34:57.851680","level":"info","event":"Filling up the DagBag from /opt/airflow/dags/DAG_Alumnos.py","logger":"airflow.models.dagbag.DagBag"}
{"timestamp":"2026-01-07T16:34:57.854110","level":"error","event":"Failed to import: /opt/airflow/dags/DAG_Alumnos.py","logger":"airflow.models.dagbag.DagBag","error_detail":[{"exc_type":"ImportError","exc_value":"cannot import name 'crear_csv_ejemplo' from 'include.alumnos_csv' (/opt/airflow/dags/include/alumnos_csv.py)","exc_notes":[],"syntax_error":null,"is_cause":false,"frames":[{"filename":"/home/airflow/.local/lib/python3.12/site-packages/airflow/models/dagbag.py","lineno":382,"name":"parse"},{"filename":"<frozen importlib._bootstrap_external>","lineno":999,"name":"exec_module"},{"filename":"<frozen importlib._bootstrap>","lineno":488,"name":"_call_with_frames_removed"},{"filename":"/opt/airflow/dags/DAG_Alumnos.py","lineno":9,"name":"<module>"}]}]}
{"timestamp":"2026-01-07T16:35:28.318226","level":"info","event":"Filling up the DagBag from /opt/airflow/dags/DAG_Alumnos.py","logger":"airflow.models.dagbag.DagBag"}
{"timestamp":"2026-01-07T16:35:28.320890","level":"error","event":"Failed to import: /opt/airflow/dags/DAG_Alumnos.py","logger":"airflow.models.dagbag.DagBag","error_detail":[{"exc_type":"ImportError","exc_value":"cannot import name 'crear_csv_ejemplo' from 'include.alumnos_csv' (/opt/airflow/dags/include/alumnos_csv.py)","exc_notes":[],"syntax_error":null,"is_cause":false,"frames":[{"filename":"/home/airflow/.local/lib/python3.12/site-packages/airflow/models/dagbag.py","lineno":382,"name":"parse"},{"filename":"<frozen importlib._bootstrap_external>","lineno":999,"name":"exec_module"},{"filename":"<frozen importlib._bootstrap>","lineno":488,"name":"_call_with_frames_removed"},{"filename":"/opt/airflow/dags/DAG_Alumnos.py","lineno":9,"name":"<module>"}]}]}
{"timestamp":"2026-01-07T16:35:58.798135","level":"info","event":"Filling up the DagBag from /opt/airflow/dags/DAG_Alumnos.py","logger":"airflow.models.dagbag.DagBag"}
{"timestamp":"2026-01-07T16:36:29.292543","level":"info","event":"Filling up the DagBag from /opt/airflow/dags/DAG_Alumnos.py","logger":"airflow.models.dagbag.DagBag"}
{"timestamp":"2026-01-07T16:36:59.822338","level":"info","event":"Filling up the DagBag from /opt/airflow/dags/DAG_Alumnos.py","logger":"airflow.models.dagbag.DagBag"}
{"timestamp":"2026-01-07T16:37:30.315250","level":"info","event":"Filling up the DagBag from /opt/airflow/dags/DAG_Alumnos.py","logger":"airflow.models.dagbag.DagBag"}
{"timestamp":"2026-01-07T16:38:00.810815","level":"info","event":"Filling up the DagBag from /opt/airflow/dags/DAG_Alumnos.py","logger":"airflow.models.dagbag.DagBag"}
{"timestamp":"2026-01-07T16:38:31.284721","level":"info","event":"Filling up the DagBag from /opt/airflow/dags/DAG_Alumnos.py","logger":"airflow.models.dagbag.DagBag"}
{"timestamp":"2026-01-07T16:39:01.781089","level":"info","event":"Filling up the DagBag from /opt/airflow/dags/DAG_Alumnos.py","logger":"airflow.models.dagbag.DagBag"}
{"timestamp":"2026-01-07T16:39:32.235500","level":"info","event":"Filling up the DagBag from /opt/airflow/dags/DAG_Alumnos.py","logger":"airflow.models.dagbag.DagBag"}
{"timestamp":"2026-01-07T16:40:02.724767","level":"info","event":"Filling up the DagBag from /opt/airflow/dags/DAG_Alumnos.py","logger":"airflow.models.dagbag.DagBag"}
{"timestamp":"2026-01-07T16:40:33.204963","level":"info","event":"Filling up the DagBag from /opt/airflow/dags/DAG_Alumnos.py","logger":"airflow.models.dagbag.DagBag"}
{"timestamp":"2026-01-07T16:41:03.724668","level":"info","event":"Filling up the DagBag from /opt/airflow/dags/DAG_Alumnos.py","logger":"airflow.models.dagbag.DagBag"}
{"timestamp":"2026-01-07T16:41:34.213290","level":"info","event":"Filling up the DagBag from /opt/airflow/dags/DAG_Alumnos.py","logger":"airflow.models.dagbag.DagBag"}
{"timestamp":"2026-01-07T16:42:04.720312","level":"info","event":"Filling up the DagBag from /opt/airflow/dags/DAG_Alumnos.py","logger":"airflow.models.dagbag.DagBag"}
{"timestamp":"2026-01-07T17:15:25.303637","level":"info","event":"Filling up the DagBag from /opt/airflow/dags/DAG_Alumnos.py","logger":"airflow.models.dagbag.DagBag"}
{"timestamp":"2026-01-07T17:15:57.105373","level":"info","event":"Filling up the DagBag from /opt/airflow/dags/DAG_Alumnos.py","logger":"airflow.models.dagbag.DagBag"}
{"timestamp":"2026-01-07T17:16:27.585479","level":"info","event":"Filling up the DagBag from /opt/airflow/dags/DAG_Alumnos.py","logger":"airflow.models.dagbag.DagBag"}
{"timestamp":"2026-01-07T17:16:58.028517","level":"info","event":"Filling up the DagBag from /opt/airflow/dags/DAG_Alumnos.py","logger":"airflow.models.dagbag.DagBag"}
{"timestamp":"2026-01-07T17:17:28.496913","level":"info","event":"Filling up the DagBag from /opt/airflow/dags/DAG_Alumnos.py","logger":"airflow.models.dagbag.DagBag"}
{"timestamp":"2026-01-07T17:17:58.934971","level":"info","event":"Filling up the DagBag from /opt/airflow/dags/DAG_Alumnos.py","logger":"airflow.models.dagbag.DagBag"}
{"timestamp":"2026-01-07T17:18:29.374233","level":"info","event":"Filling up the DagBag from /opt/airflow/dags/DAG_Alumnos.py","logger":"airflow.models.dagbag.DagBag"}
{"timestamp":"2026-01-07T17:18:59.814691","level":"info","event":"Filling up the DagBag from /opt/airflow/dags/DAG_Alumnos.py","logger":"airflow.models.dagbag.DagBag"}
{"timestamp":"2026-01-07T17:19:30.256590","level":"info","event":"Filling up the DagBag from /opt/airflow/dags/DAG_Alumnos.py","logger":"airflow.models.dagbag.DagBag"}
{"timestamp":"2026-01-07T17:20:00.685940","level":"info","event":"Filling up the DagBag from /opt/airflow/dags/DAG_Alumnos.py","logger":"airflow.models.dagbag.DagBag"}
{"timestamp":"2026-01-07T17:20:31.134037","level":"info","event":"Filling up the DagBag from /opt/airflow/dags/DAG_Alumnos.py","logger":"airflow.models.dagbag.DagBag"}
{"timestamp":"2026-01-07T17:21:01.570498","level":"info","event":"Filling up the DagBag from /opt/airflow/dags/DAG_Alumnos.py","logger":"airflow.models.dagbag.DagBag"}
{"timestamp":"2026-01-07T17:21:32.051474","level":"info","event":"Filling up the DagBag from /opt/airflow/dags/DAG_Alumnos.py","logger":"airflow.models.dagbag.DagBag"}
{"timestamp":"2026-01-07T17:22:02.449475","level":"info","event":"Filling up the DagBag from /opt/airflow/dags/DAG_Alumnos.py","logger":"airflow.models.dagbag.DagBag"}
{"timestamp":"2026-01-07T17:22:32.849425","level":"info","event":"Filling up the DagBag from /opt/airflow/dags/DAG_Alumnos.py","logger":"airflow.models.dagbag.DagBag"}
{"timestamp":"2026-01-07T17:23:03.306220","level":"info","event":"Filling up the DagBag from /opt/airflow/dags/DAG_Alumnos.py","logger":"airflow.models.dagbag.DagBag"}
{"timestamp":"2026-01-07T17:23:33.735587","level":"info","event":"Filling up the DagBag from /opt/airflow/dags/DAG_Alumnos.py","logger":"airflow.models.dagbag.DagBag"}
{"timestamp":"2026-01-07T17:24:04.141694","level":"info","event":"Filling up the DagBag from /opt/airflow/dags/DAG_Alumnos.py","logger":"airflow.models.dagbag.DagBag"}
{"timestamp":"2026-01-07T17:24:34.559514","level":"info","event":"Filling up the DagBag from /opt/airflow/dags/DAG_Alumnos.py","logger":"airflow.models.dagbag.DagBag"}
{"timestamp":"2026-01-07T17:25:04.987754","level":"info","event":"Filling up the DagBag from /opt/airflow/dags/DAG_Alumnos.py","logger":"airflow.models.dagbag.DagBag"}
{"timestamp":"2026-01-07T17:25:35.409375","level":"info","event":"Filling up the DagBag from /opt/airflow/dags/DAG_Alumnos.py","logger":"airflow.models.dagbag.DagBag"}
{"timestamp":"2026-01-07T17:26:05.863372","level":"info","event":"Filling up the DagBag from /opt/airflow/dags/DAG_Alumnos.py","logger":"airflow.models.dagbag.DagBag"}
{"timestamp":"2026-01-07T17:26:36.304378","level":"info","event":"Filling up the DagBag from /opt/airflow/dags/DAG_Alumnos.py","logger":"airflow.models.dagbag.DagBag"}
{"timestamp":"2026-01-07T17:27:06.746472","level":"info","event":"Filling up the DagBag from /opt/airflow/dags/DAG_Alumnos.py","logger":"airflow.models.dagbag.DagBag"}
{"timestamp":"2026-01-07T17:27:37.207962","level":"info","event":"Filling up the DagBag from /opt/airflow/dags/DAG_Alumnos.py","logger":"airflow.models.dagbag.DagBag"}
{"timestamp":"2026-01-07T17:28:07.635628","level":"info","event":"Filling up the DagBag from /opt/airflow/dags/DAG_Alumnos.py","logger":"airflow.models.dagbag.DagBag"}
{"timestamp":"2026-01-07T17:28:38.049690","level":"info","event":"Filling up the DagBag from /opt/airflow/dags/DAG_Alumnos.py","logger":"airflow.models.dagbag.DagBag"}
{"timestamp":"2026-01-07T17:29:08.414520","level":"info","event":"Filling up the DagBag from /opt/airflow/dags/DAG_Alumnos.py","logger":"airflow.models.dagbag.DagBag"}
{"timestamp":"2026-01-07T17:29:38.781526","level":"info","event":"Filling up the DagBag from /opt/airflow/dags/DAG_Alumnos.py","logger":"airflow.models.dagbag.DagBag"}
{"timestamp":"2026-01-07T17:30:09.149049","level":"info","event":"Filling up the DagBag from /opt/airflow/dags/DAG_Alumnos.py","logger":"airflow.models.dagbag.DagBag"}
{"timestamp":"2026-01-07T17:30:39.496926","level":"info","event":"Filling up the DagBag from /opt/airflow/dags/DAG_Alumnos.py","logger":"airflow.models.dagbag.DagBag"}
{"timestamp":"2026-01-07T17:31:09.894443","level":"info","event":"Filling up the DagBag from /opt/airflow/dags/DAG_Alumnos.py","logger":"airflow.models.dagbag.DagBag"}
{"timestamp":"2026-01-07T17:31:40.263475","level":"info","event":"Filling up the DagBag from /opt/airflow/dags/DAG_Alumnos.py","logger":"airflow.models.dagbag.DagBag"}
{"timestamp":"2026-01-07T17:32:10.631985","level":"info","event":"Filling up the DagBag from /opt/airflow/dags/DAG_Alumnos.py","logger":"airflow.models.dagbag.DagBag"}
{"timestamp":"2026-01-07T17:32:41.033138","level":"info","event":"Filling up the DagBag from /opt/airflow/dags/DAG_Alumnos.py","logger":"airflow.models.dagbag.DagBag"}
{"timestamp":"2026-01-07T17:33:29.059598","level":"info","event":"Filling up the DagBag from /opt/airflow/dags/DAG_Alumnos.py","logger":"airflow.models.dagbag.DagBag"}
{"timestamp":"2026-01-07T17:34:00.582771","level":"info","event":"Filling up the DagBag from /opt/airflow/dags/DAG_Alumnos.py","logger":"airflow.models.dagbag.DagBag"}
{"timestamp":"2026-01-07T17:34:30.947961","level":"info","event":"Filling up the DagBag from /opt/airflow/dags/DAG_Alumnos.py","logger":"airflow.models.dagbag.DagBag"}
{"timestamp":"2026-01-07T17:35:01.289853","level":"info","event":"Filling up the DagBag from /opt/airflow/dags/DAG_Alumnos.py","logger":"airflow.models.dagbag.DagBag"}
{"timestamp":"2026-01-07T17:35:31.631975","level":"info","event":"Filling up the DagBag from /opt/airflow/dags/DAG_Alumnos.py","logger":"airflow.models.dagbag.DagBag"}
{"timestamp":"2026-01-07T17:36:01.986958","level":"info","event":"Filling up the DagBag from /opt/airflow/dags/DAG_Alumnos.py","logger":"airflow.models.dagbag.DagBag"}
{"timestamp":"2026-01-07T17:36:32.332230","level":"info","event":"Filling up the DagBag from /opt/airflow/dags/DAG_Alumnos.py","logger":"airflow.models.dagbag.DagBag"}
{"timestamp":"2026-01-07T17:37:02.684220","level":"info","event":"Filling up the DagBag from /opt/airflow/dags/DAG_Alumnos.py","logger":"airflow.models.dagbag.DagBag"}
{"timestamp":"2026-01-07T17:37:33.031819","level":"info","event":"Filling up the DagBag from /opt/airflow/dags/DAG_Alumnos.py","logger":"airflow.models.dagbag.DagBag"}
{"timestamp":"2026-01-07T17:38:03.374075","level":"info","event":"Filling up the DagBag from /opt/airflow/dags/DAG_Alumnos.py","logger":"airflow.models.dagbag.DagBag"}
{"timestamp":"2026-01-07T17:38:33.720715","level":"info","event":"Filling up the DagBag from /opt/airflow/dags/DAG_Alumnos.py","logger":"airflow.models.dagbag.DagBag"}
{"timestamp":"2026-01-07T17:39:04.065494","level":"info","event":"Filling up the DagBag from /opt/airflow/dags/DAG_Alumnos.py","logger":"airflow.models.dagbag.DagBag"}
{"timestamp":"2026-01-07T17:39:34.424566","level":"info","event":"Filling up the DagBag from /opt/airflow/dags/DAG_Alumnos.py","logger":"airflow.models.dagbag.DagBag"}
{"timestamp":"2026-01-07T17:40:04.761154","level":"info","event":"Filling up the DagBag from /opt/airflow/dags/DAG_Alumnos.py","logger":"airflow.models.dagbag.DagBag"}
{"timestamp":"2026-01-07T17:40:35.096782","level":"info","event":"Filling up the DagBag from /opt/airflow/dags/DAG_Alumnos.py","logger":"airflow.models.dagbag.DagBag"}
{"timestamp":"2026-01-07T17:41:05.454833","level":"info","event":"Filling up the DagBag from /opt/airflow/dags/DAG_Alumnos.py","logger":"airflow.models.dagbag.DagBag"}
{"timestamp":"2026-01-07T17:41:35.833680","level":"info","event":"Filling up the DagBag from /opt/airflow/dags/DAG_Alumnos.py","logger":"airflow.models.dagbag.DagBag"}
{"timestamp":"2026-01-07T17:42:06.162352","level":"info","event":"Filling up the DagBag from /opt/airflow/dags/DAG_Alumnos.py","logger":"airflow.models.dagbag.DagBag"}
{"timestamp":"2026-01-07T17:42:36.521174","level":"info","event":"Filling up the DagBag from /opt/airflow/dags/DAG_Alumnos.py","logger":"airflow.models.dagbag.DagBag"}
{"timestamp":"2026-01-07T17:43:06.894089","level":"info","event":"Filling up the DagBag from /opt/airflow/dags/DAG_Alumnos.py","logger":"airflow.models.dagbag.DagBag"}
{"timestamp":"2026-01-07T17:43:37.277276","level":"info","event":"Filling up the DagBag from /opt/airflow/dags/DAG_Alumnos.py","logger":"airflow.models.dagbag.DagBag"}
{"timestamp":"2026-01-07T17:44:07.637265","level":"info","event":"Filling up the DagBag from /opt/airflow/dags/DAG_Alumnos.py","logger":"airflow.models.dagbag.DagBag"}
{"timestamp":"2026-01-07T17:44:38.012249","level":"info","event":"Filling up the DagBag from /opt/airflow/dags/DAG_Alumnos.py","logger":"airflow.models.dagbag.DagBag"}
{"timestamp":"2026-01-07T17:45:08.356378","level":"info","event":"Filling up the DagBag from /opt/airflow/dags/DAG_Alumnos.py","logger":"airflow.models.dagbag.DagBag"}
{"timestamp":"2026-01-07T17:45:38.720868","level":"info","event":"Filling up the DagBag from /opt/airflow/dags/DAG_Alumnos.py","logger":"airflow.models.dagbag.DagBag"}
{"timestamp":"2026-01-07T17:46:09.110916","level":"info","event":"Filling up the DagBag from /opt/airflow/dags/DAG_Alumnos.py","logger":"airflow.models.dagbag.DagBag"}
{"timestamp":"2026-01-07T17:46:39.460887","level":"info","event":"Filling up the DagBag from /opt/airflow/dags/DAG_Alumnos.py","logger":"airflow.models.dagbag.DagBag"}
{"timestamp":"2026-01-07T17:47:09.842976","level":"info","event":"Filling up the DagBag from /opt/airflow/dags/DAG_Alumnos.py","logger":"airflow.models.dagbag.DagBag"}
{"timestamp":"2026-01-07T17:47:40.196583","level":"info","event":"Filling up the DagBag from /opt/airflow/dags/DAG_Alumnos.py","logger":"airflow.models.dagbag.DagBag"}
{"timestamp":"2026-01-07T17:48:10.531841","level":"info","event":"Filling up the DagBag from /opt/airflow/dags/DAG_Alumnos.py","logger":"airflow.models.dagbag.DagBag"}
{"timestamp":"2026-01-07T17:48:40.884600","level":"info","event":"Filling up the DagBag from /opt/airflow/dags/DAG_Alumnos.py","logger":"airflow.models.dagbag.DagBag"}
{"timestamp":"2026-01-07T17:49:11.240008","level":"info","event":"Filling up the DagBag from /opt/airflow/dags/DAG_Alumnos.py","logger":"airflow.models.dagbag.DagBag"}
{"timestamp":"2026-01-07T17:49:41.603324","level":"info","event":"Filling up the DagBag from /opt/airflow/dags/DAG_Alumnos.py","logger":"airflow.models.dagbag.DagBag"}
{"timestamp":"2026-01-07T17:50:11.986188","level":"info","event":"Filling up the DagBag from /opt/airflow/dags/DAG_Alumnos.py","logger":"airflow.models.dagbag.DagBag"}
{"timestamp":"2026-01-07T17:50:42.347742","level":"info","event":"Filling up the DagBag from /opt/airflow/dags/DAG_Alumnos.py","logger":"airflow.models.dagbag.DagBag"}
{"timestamp":"2026-01-07T17:51:12.705612","level":"info","event":"Filling up the DagBag from /opt/airflow/dags/DAG_Alumnos.py","logger":"airflow.models.dagbag.DagBag"}
{"timestamp":"2026-01-07T17:51:43.082810","level":"info","event":"Filling up the DagBag from /opt/airflow/dags/DAG_Alumnos.py","logger":"airflow.models.dagbag.DagBag"}
{"timestamp":"2026-01-07T17:52:13.451654","level":"info","event":"Filling up the DagBag from /opt/airflow/dags/DAG_Alumnos.py","logger":"airflow.models.dagbag.DagBag"}
{"timestamp":"2026-01-07T17:52:43.833558","level":"info","event":"Filling up the DagBag from /opt/airflow/dags/DAG_Alumnos.py","logger":"airflow.models.dagbag.DagBag"}
{"timestamp":"2026-01-07T17:53:14.186509","level":"info","event":"Filling up the DagBag from /opt/airflow/dags/DAG_Alumnos.py","logger":"airflow.models.dagbag.DagBag"}
{"timestamp":"2026-01-07T17:53:44.550253","level":"info","event":"Filling up the DagBag from /opt/airflow/dags/DAG_Alumnos.py","logger":"airflow.models.dagbag.DagBag"}
{"timestamp":"2026-01-07T17:54:14.923087","level":"info","event":"Filling up the DagBag from /opt/airflow/dags/DAG_Alumnos.py","logger":"airflow.models.dagbag.DagBag"}
{"timestamp":"2026-01-07T17:54:45.287895","level":"info","event":"Filling up the DagBag from /opt/airflow/dags/DAG_Alumnos.py","logger":"airflow.models.dagbag.DagBag"}
{"timestamp":"2026-01-07T17:55:15.654810","level":"info","event":"Filling up the DagBag from /opt/airflow/dags/DAG_Alumnos.py","logger":"airflow.models.dagbag.DagBag"}
{"timestamp":"2026-01-07T17:55:46.015218","level":"info","event":"Filling up the DagBag from /opt/airflow/dags/DAG_Alumnos.py","logger":"airflow.models.dagbag.DagBag"}
{"timestamp":"2026-01-07T17:56:16.385079","level":"info","event":"Filling up the DagBag from /opt/airflow/dags/DAG_Alumnos.py","logger":"airflow.models.dagbag.DagBag"}
{"timestamp":"2026-01-07T17:56:46.752635","level":"info","event":"Filling up the DagBag from /opt/airflow/dags/DAG_Alumnos.py","logger":"airflow.models.dagbag.DagBag"}
{"timestamp":"2026-01-07T17:57:17.122504","level":"info","event":"Filling up the DagBag from /opt/airflow/dags/DAG_Alumnos.py","logger":"airflow.models.dagbag.DagBag"}
{"timestamp":"2026-01-07T17:57:47.504026","level":"info","event":"Filling up the DagBag from /opt/airflow/dags/DAG_Alumnos.py","logger":"airflow.models.dagbag.DagBag"}
{"timestamp":"2026-01-07T17:58:17.879291","level":"info","event":"Filling up the DagBag from /opt/airflow/dags/DAG_Alumnos.py","logger":"airflow.models.dagbag.DagBag"}
{"timestamp":"2026-01-07T17:58:48.239387","level":"info","event":"Filling up the DagBag from /opt/airflow/dags/DAG_Alumnos.py","logger":"airflow.models.dagbag.DagBag"}
{"timestamp":"2026-01-07T17:59:18.596054","level":"info","event":"Filling up the DagBag from /opt/airflow/dags/DAG_Alumnos.py","logger":"airflow.models.dagbag.DagBag"}
{"timestamp":"2026-01-07T17:59:48.964238","level":"info","event":"Filling up the DagBag from /opt/airflow/dags/DAG_Alumnos.py","logger":"airflow.models.dagbag.DagBag"}
{"timestamp":"2026-01-07T18:00:19.322949","level":"info","event":"Filling up the DagBag from /opt/airflow/dags/DAG_Alumnos.py","logger":"airflow.models.dagbag.DagBag"}
{"timestamp":"2026-01-07T18:00:49.701845","level":"info","event":"Filling up the DagBag from /opt/airflow/dags/DAG_Alumnos.py","logger":"airflow.models.dagbag.DagBag"}
{"timestamp":"2026-01-07T18:01:20.062348","level":"info","event":"Filling up the DagBag from /opt/airflow/dags/DAG_Alumnos.py","logger":"airflow.models.dagbag.DagBag"}
{"timestamp":"2026-01-07T18:01:50.416745","level":"info","event":"Filling up the DagBag from /opt/airflow/dags/DAG_Alumnos.py","logger":"airflow.models.dagbag.DagBag"}
{"timestamp":"2026-01-07T18:02:20.757153","level":"info","event":"Filling up the DagBag from /opt/airflow/dags/DAG_Alumnos.py","logger":"airflow.models.dagbag.DagBag"}
{"timestamp":"2026-01-07T18:02:51.141056","level":"info","event":"Filling up the DagBag from /opt/airflow/dags/DAG_Alumnos.py","logger":"airflow.models.dagbag.DagBag"}
{"timestamp":"2026-01-07T18:03:21.463636","level":"info","event":"Filling up the DagBag from /opt/airflow/dags/DAG_Alumnos.py","logger":"airflow.models.dagbag.DagBag"}
{"timestamp":"2026-01-07T18:03:51.834779","level":"info","event":"Filling up the DagBag from /opt/airflow/dags/DAG_Alumnos.py","logger":"airflow.models.dagbag.DagBag"}
{"timestamp":"2026-01-07T18:04:22.196463","level":"info","event":"Filling up the DagBag from /opt/airflow/dags/DAG_Alumnos.py","logger":"airflow.models.dagbag.DagBag"}
{"timestamp":"2026-01-07T18:04:52.565742","level":"info","event":"Filling up the DagBag from /opt/airflow/dags/DAG_Alumnos.py","logger":"airflow.models.dagbag.DagBag"}
{"timestamp":"2026-01-07T18:05:22.954332","level":"info","event":"Filling up the DagBag from /opt/airflow/dags/DAG_Alumnos.py","logger":"airflow.models.dagbag.DagBag"}
{"timestamp":"2026-01-07T18:05:53.321158","level":"info","event":"Filling up the DagBag from /opt/airflow/dags/DAG_Alumnos.py","logger":"airflow.models.dagbag.DagBag"}
{"timestamp":"2026-01-07T18:06:23.713779","level":"info","event":"Filling up the DagBag from /opt/airflow/dags/DAG_Alumnos.py","logger":"airflow.models.dagbag.DagBag"}
{"timestamp":"2026-01-07T18:06:54.073031","level":"info","event":"Filling up the DagBag from /opt/airflow/dags/DAG_Alumnos.py","logger":"airflow.models.dagbag.DagBag"}
{"timestamp":"2026-01-07T18:07:24.422611","level":"info","event":"Filling up the DagBag from /opt/airflow/dags/DAG_Alumnos.py","logger":"airflow.models.dagbag.DagBag"}
{"timestamp":"2026-01-07T18:07:54.795752","level":"info","event":"Filling up the DagBag from /opt/airflow/dags/DAG_Alumnos.py","logger":"airflow.models.dagbag.DagBag"}
{"timestamp":"2026-01-07T18:08:25.173879","level":"info","event":"Filling up the DagBag from /opt/airflow/dags/DAG_Alumnos.py","logger":"airflow.models.dagbag.DagBag"}
{"timestamp":"2026-01-07T18:08:55.555282","level":"info","event":"Filling up the DagBag from /opt/airflow/dags/DAG_Alumnos.py","logger":"airflow.models.dagbag.DagBag"}
{"timestamp":"2026-01-07T18:09:25.902618","level":"info","event":"Filling up the DagBag from /opt/airflow/dags/DAG_Alumnos.py","logger":"airflow.models.dagbag.DagBag"}
{"timestamp":"2026-01-07T18:09:56.250047","level":"info","event":"Filling up the DagBag from /opt/airflow/dags/DAG_Alumnos.py","logger":"airflow.models.dagbag.DagBag"}
{"timestamp":"2026-01-07T18:10:26.593765","level":"info","event":"Filling up the DagBag from /opt/airflow/dags/DAG_Alumnos.py","logger":"airflow.models.dagbag.DagBag"}
{"timestamp":"2026-01-07T18:10:56.967676","level":"info","event":"Filling up the DagBag from /opt/airflow/dags/DAG_Alumnos.py","logger":"airflow.models.dagbag.DagBag"}
{"timestamp":"2026-01-07T18:11:27.338276","level":"info","event":"Filling up the DagBag from /opt/airflow/dags/DAG_Alumnos.py","logger":"airflow.models.dagbag.DagBag"}
{"timestamp":"2026-01-07T18:11:57.717252","level":"info","event":"Filling up the DagBag from /opt/airflow/dags/DAG_Alumnos.py","logger":"airflow.models.dagbag.DagBag"}
{"timestamp":"2026-01-07T18:12:28.086922","level":"info","event":"Filling up the DagBag from /opt/airflow/dags/DAG_Alumnos.py","logger":"airflow.models.dagbag.DagBag"}
{"timestamp":"2026-01-07T18:12:58.457140","level":"info","event":"Filling up the DagBag from /opt/airflow/dags/DAG_Alumnos.py","logger":"airflow.models.dagbag.DagBag"}
{"timestamp":"2026-01-07T18:13:28.736528","level":"info","event":"Filling up the DagBag from /opt/airflow/dags/DAG_Alumnos.py","logger":"airflow.models.dagbag.DagBag"}
{"timestamp":"2026-01-07T18:13:59.062880","level":"info","event":"Filling up the DagBag from /opt/airflow/dags/DAG_Alumnos.py","logger":"airflow.models.dagbag.DagBag"}
{"timestamp":"2026-01-07T18:14:29.427588","level":"info","event":"Filling up the DagBag from /opt/airflow/dags/DAG_Alumnos.py","logger":"airflow.models.dagbag.DagBag"}
{"timestamp":"2026-01-07T18:14:59.804245","level":"info","event":"Filling up the DagBag from /opt/airflow/dags/DAG_Alumnos.py","logger":"airflow.models.dagbag.DagBag"}
{"timestamp":"2026-01-07T18:15:30.178108","level":"info","event":"Filling up the DagBag from /opt/airflow/dags/DAG_Alumnos.py","logger":"airflow.models.dagbag.DagBag"}
{"timestamp":"2026-01-07T18:16:00.507343","level":"info","event":"Filling up the DagBag from /opt/airflow/dags/DAG_Alumnos.py","logger":"airflow.models.dagbag.DagBag"}
{"timestamp":"2026-01-07T18:16:30.861775","level":"info","event":"Filling up the DagBag from /opt/airflow/dags/DAG_Alumnos.py","logger":"airflow.models.dagbag.DagBag"}
{"timestamp":"2026-01-07T18:17:01.190832","level":"info","event":"Filling up the DagBag from /opt/airflow/dags/DAG_Alumnos.py","logger":"airflow.models.dagbag.DagBag"}
{"timestamp":"2026-01-07T18:17:31.534561","level":"info","event":"Filling up the DagBag from /opt/airflow/dags/DAG_Alumnos.py","logger":"airflow.models.dagbag.DagBag"}
{"timestamp":"2026-01-07T18:18:01.885415","level":"info","event":"Filling up the DagBag from /opt/airflow/dags/DAG_Alumnos.py","logger":"airflow.models.dagbag.DagBag"}
{"timestamp":"2026-01-07T18:18:32.213054","level":"info","event":"Filling up the DagBag from /opt/airflow/dags/DAG_Alumnos.py","logger":"airflow.models.dagbag.DagBag"}
{"timestamp":"2026-01-07T18:19:02.561874","level":"info","event":"Filling up the DagBag from /opt/airflow/dags/DAG_Alumnos.py","logger":"airflow.models.dagbag.DagBag"}
{"timestamp":"2026-01-07T18:19:32.912501","level":"info","event":"Filling up the DagBag from /opt/airflow/dags/DAG_Alumnos.py","logger":"airflow.models.dagbag.DagBag"}
{"timestamp":"2026-01-07T18:20:03.269442","level":"info","event":"Filling up the DagBag from /opt/airflow/dags/DAG_Alumnos.py","logger":"airflow.models.dagbag.DagBag"}
{"timestamp":"2026-01-07T18:20:33.602402","level":"info","event":"Filling up the DagBag from /opt/airflow/dags/DAG_Alumnos.py","logger":"airflow.models.dagbag.DagBag"}
{"timestamp":"2026-01-07T18:21:03.931324","level":"info","event":"Filling up the DagBag from /opt/airflow/dags/DAG_Alumnos.py","logger":"airflow.models.dagbag.DagBag"}
{"timestamp":"2026-01-07T18:21:34.241918","level":"info","event":"Filling up the DagBag from /opt/airflow/dags/DAG_Alumnos.py","logger":"airflow.models.dagbag.DagBag"}
{"timestamp":"2026-01-07T18:22:04.599669","level":"info","event":"Filling up the DagBag from /opt/airflow/dags/DAG_Alumnos.py","logger":"airflow.models.dagbag.DagBag"}
{"timestamp":"2026-01-07T18:22:34.940414","level":"info","event":"Filling up the DagBag from /opt/airflow/dags/DAG_Alumnos.py","logger":"airflow.models.dagbag.DagBag"}
{"timestamp":"2026-01-07T18:23:05.312540","level":"info","event":"Filling up the DagBag from /opt/airflow/dags/DAG_Alumnos.py","logger":"airflow.models.dagbag.DagBag"}
{"timestamp":"2026-01-07T18:23:35.648712","level":"info","event":"Filling up the DagBag from /opt/airflow/dags/DAG_Alumnos.py","logger":"airflow.models.dagbag.DagBag"}
{"timestamp":"2026-01-07T18:24:06.000548","level":"info","event":"Filling up the DagBag from /opt/airflow/dags/DAG_Alumnos.py","logger":"airflow.models.dagbag.DagBag"}
{"timestamp":"2026-01-07T18:24:36.360132","level":"info","event":"Filling up the DagBag from /opt/airflow/dags/DAG_Alumnos.py","logger":"airflow.models.dagbag.DagBag"}
{"timestamp":"2026-01-07T18:25:06.711790","level":"info","event":"Filling up the DagBag from /opt/airflow/dags/DAG_Alumnos.py","logger":"airflow.models.dagbag.DagBag"}
{"timestamp":"2026-01-07T18:25:37.072550","level":"info","event":"Filling up the DagBag from /opt/airflow/dags/DAG_Alumnos.py","logger":"airflow.models.dagbag.DagBag"}
{"timestamp":"2026-01-07T18:26:07.431178","level":"info","event":"Filling up the DagBag from /opt/airflow/dags/DAG_Alumnos.py","logger":"airflow.models.dagbag.DagBag"}
{"timestamp":"2026-01-07T18:26:37.804752","level":"info","event":"Filling up the DagBag from /opt/airflow/dags/DAG_Alumnos.py","logger":"airflow.models.dagbag.DagBag"}
{"timestamp":"2026-01-07T18:27:08.187157","level":"info","event":"Filling up the DagBag from /opt/airflow/dags/DAG_Alumnos.py","logger":"airflow.models.dagbag.DagBag"}
{"timestamp":"2026-01-07T18:27:38.529569","level":"info","event":"Filling up the DagBag from /opt/airflow/dags/DAG_Alumnos.py","logger":"airflow.models.dagbag.DagBag"}
{"timestamp":"2026-01-07T18:28:08.881018","level":"info","event":"Filling up the DagBag from /opt/airflow/dags/DAG_Alumnos.py","logger":"airflow.models.dagbag.DagBag"}
{"timestamp":"2026-01-07T18:28:39.227709","level":"info","event":"Filling up the DagBag from /opt/airflow/dags/DAG_Alumnos.py","logger":"airflow.models.dagbag.DagBag"}
{"timestamp":"2026-01-07T18:29:09.576465","level":"info","event":"Filling up the DagBag from /opt/airflow/dags/DAG_Alumnos.py","logger":"airflow.models.dagbag.DagBag"}
{"timestamp":"2026-01-07T18:29:39.917261","level":"info","event":"Filling up the DagBag from /opt/airflow/dags/DAG_Alumnos.py","logger":"airflow.models.dagbag.DagBag"}
{"timestamp":"2026-01-07T18:30:10.243419","level":"info","event":"Filling up the DagBag from /opt/airflow/dags/DAG_Alumnos.py","logger":"airflow.models.dagbag.DagBag"}
{"timestamp":"2026-01-07T18:30:40.578571","level":"info","event":"Filling up the DagBag from /opt/airflow/dags/DAG_Alumnos.py","logger":"airflow.models.dagbag.DagBag"}
{"timestamp":"2026-01-07T18:31:10.886965","level":"info","event":"Filling up the DagBag from /opt/airflow/dags/DAG_Alumnos.py","logger":"airflow.models.dagbag.DagBag"}
{"timestamp":"2026-01-07T18:31:41.245035","level":"info","event":"Filling up the DagBag from /opt/airflow/dags/DAG_Alumnos.py","logger":"airflow.models.dagbag.DagBag"}
{"timestamp":"2026-01-07T18:32:11.601534","level":"info","event":"Filling up the DagBag from /opt/airflow/dags/DAG_Alumnos.py","logger":"airflow.models.dagbag.DagBag"}
{"timestamp":"2026-01-07T18:32:41.976654","level":"info","event":"Filling up the DagBag from /opt/airflow/dags/DAG_Alumnos.py","logger":"airflow.models.dagbag.DagBag"}
{"timestamp":"2026-01-07T18:33:12.344670","level":"info","event":"Filling up the DagBag from /opt/airflow/dags/DAG_Alumnos.py","logger":"airflow.models.dagbag.DagBag"}
{"timestamp":"2026-01-07T18:33:42.689617","level":"info","event":"Filling up the DagBag from /opt/airflow/dags/DAG_Alumnos.py","logger":"airflow.models.dagbag.DagBag"}
{"timestamp":"2026-01-07T18:34:13.036390","level":"info","event":"Filling up the DagBag from /opt/airflow/dags/DAG_Alumnos.py","logger":"airflow.models.dagbag.DagBag"}
{"timestamp":"2026-01-07T18:34:43.369716","level":"info","event":"Filling up the DagBag from /opt/airflow/dags/DAG_Alumnos.py","logger":"airflow.models.dagbag.DagBag"}
{"timestamp":"2026-01-07T18:35:13.710911","level":"info","event":"Filling up the DagBag from /opt/airflow/dags/DAG_Alumnos.py","logger":"airflow.models.dagbag.DagBag"}
{"timestamp":"2026-01-07T18:35:44.059430","level":"info","event":"Filling up the DagBag from /opt/airflow/dags/DAG_Alumnos.py","logger":"airflow.models.dagbag.DagBag"}
{"timestamp":"2026-01-07T18:36:14.445926","level":"info","event":"Filling up the DagBag from /opt/airflow/dags/DAG_Alumnos.py","logger":"airflow.models.dagbag.DagBag"}
{"timestamp":"2026-01-07T18:36:44.779417","level":"info","event":"Filling up the DagBag from /opt/airflow/dags/DAG_Alumnos.py","logger":"airflow.models.dagbag.DagBag"}
{"timestamp":"2026-01-07T18:37:15.114845","level":"info","event":"Filling up the DagBag from /opt/airflow/dags/DAG_Alumnos.py","logger":"airflow.models.dagbag.DagBag"}
{"timestamp":"2026-01-07T18:37:45.490199","level":"info","event":"Filling up the DagBag from /opt/airflow/dags/DAG_Alumnos.py","logger":"airflow.models.dagbag.DagBag"}
{"timestamp":"2026-01-07T18:38:15.847300","level":"info","event":"Filling up the DagBag from /opt/airflow/dags/DAG_Alumnos.py","logger":"airflow.models.dagbag.DagBag"}
{"timestamp":"2026-01-07T18:38:46.184131","level":"info","event":"Filling up the DagBag from /opt/airflow/dags/DAG_Alumnos.py","logger":"airflow.models.dagbag.DagBag"}
{"timestamp":"2026-01-07T18:39:16.525176","level":"info","event":"Filling up the DagBag from /opt/airflow/dags/DAG_Alumnos.py","logger":"airflow.models.dagbag.DagBag"}
{"timestamp":"2026-01-07T18:39:46.893639","level":"info","event":"Filling up the DagBag from /opt/airflow/dags/DAG_Alumnos.py","logger":"airflow.models.dagbag.DagBag"}
{"timestamp":"2026-01-07T18:40:17.243786","level":"info","event":"Filling up the DagBag from /opt/airflow/dags/DAG_Alumnos.py","logger":"airflow.models.dagbag.DagBag"}
{"timestamp":"2026-01-07T18:40:47.606968","level":"info","event":"Filling up the DagBag from /opt/airflow/dags/DAG_Alumnos.py","logger":"airflow.models.dagbag.DagBag"}
{"timestamp":"2026-01-07T18:41:17.992698","level":"info","event":"Filling up the DagBag from /opt/airflow/dags/DAG_Alumnos.py","logger":"airflow.models.dagbag.DagBag"}
{"timestamp":"2026-01-07T18:41:48.331320","level":"info","event":"Filling up the DagBag from /opt/airflow/dags/DAG_Alumnos.py","logger":"airflow.models.dagbag.DagBag"}
{"timestamp":"2026-01-07T18:42:18.690045","level":"info","event":"Filling up the DagBag from /opt/airflow/dags/DAG_Alumnos.py","logger":"airflow.models.dagbag.DagBag"}
{"timestamp":"2026-01-07T18:42:49.031126","level":"info","event":"Filling up the DagBag from /opt/airflow/dags/DAG_Alumnos.py","logger":"airflow.models.dagbag.DagBag"}
{"timestamp":"2026-01-07T18:43:19.386611","level":"info","event":"Filling up the DagBag from /opt/airflow/dags/DAG_Alumnos.py","logger":"airflow.models.dagbag.DagBag"}
{"timestamp":"2026-01-07T18:43:49.737280","level":"info","event":"Filling up the DagBag from /opt/airflow/dags/DAG_Alumnos.py","logger":"airflow.models.dagbag.DagBag"}
{"timestamp":"2026-01-07T18:44:20.074211","level":"info","event":"Filling up the DagBag from /opt/airflow/dags/DAG_Alumnos.py","logger":"airflow.models.dagbag.DagBag"}
{"timestamp":"2026-01-07T18:44:50.495241","level":"info","event":"Filling up the DagBag from /opt/airflow/dags/DAG_Alumnos.py","logger":"airflow.models.dagbag.DagBag"}
{"timestamp":"2026-01-07T18:45:20.906602","level":"info","event":"Filling up the DagBag from /opt/airflow/dags/DAG_Alumnos.py","logger":"airflow.models.dagbag.DagBag"}
{"timestamp":"2026-01-07T18:45:51.288066","level":"info","event":"Filling up the DagBag from /opt/airflow/dags/DAG_Alumnos.py","logger":"airflow.models.dagbag.DagBag"}
{"timestamp":"2026-01-07T18:46:21.723789","level":"info","event":"Filling up the DagBag from /opt/airflow/dags/DAG_Alumnos.py","logger":"airflow.models.dagbag.DagBag"}
{"timestamp":"2026-01-07T18:46:52.142128","level":"info","event":"Filling up the DagBag from /opt/airflow/dags/DAG_Alumnos.py","logger":"airflow.models.dagbag.DagBag"}
{"timestamp":"2026-01-07T18:47:22.526351","level":"info","event":"Filling up the DagBag from /opt/airflow/dags/DAG_Alumnos.py","logger":"airflow.models.dagbag.DagBag"}
{"timestamp":"2026-01-07T18:47:52.913769","level":"info","event":"Filling up the DagBag from /opt/airflow/dags/DAG_Alumnos.py","logger":"airflow.models.dagbag.DagBag"}
{"timestamp":"2026-01-07T18:48:23.306644","level":"info","event":"Filling up the DagBag from /opt/airflow/dags/DAG_Alumnos.py","logger":"airflow.models.dagbag.DagBag"}
{"timestamp":"2026-01-07T18:48:53.713681","level":"info","event":"Filling up the DagBag from /opt/airflow/dags/DAG_Alumnos.py","logger":"airflow.models.dagbag.DagBag"}
{"timestamp":"2026-01-07T18:49:24.122120","level":"info","event":"Filling up the DagBag from /opt/airflow/dags/DAG_Alumnos.py","logger":"airflow.models.dagbag.DagBag"}
{"timestamp":"2026-01-07T18:49:54.515035","level":"info","event":"Filling up the DagBag from /opt/airflow/dags/DAG_Alumnos.py","logger":"airflow.models.dagbag.DagBag"}
{"timestamp":"2026-01-07T18:50:24.910627","level":"info","event":"Filling up the DagBag from /opt/airflow/dags/DAG_Alumnos.py","logger":"airflow.models.dagbag.DagBag"}
{"timestamp":"2026-01-07T18:50:55.311958","level":"info","event":"Filling up the DagBag from /opt/airflow/dags/DAG_Alumnos.py","logger":"airflow.models.dagbag.DagBag"}
{"timestamp":"2026-01-07T18:51:25.718966","level":"info","event":"Filling up the DagBag from /opt/airflow/dags/DAG_Alumnos.py","logger":"airflow.models.dagbag.DagBag"}
{"timestamp":"2026-01-07T18:51:56.167786","level":"info","event":"Filling up the DagBag from /opt/airflow/dags/DAG_Alumnos.py","logger":"airflow.models.dagbag.DagBag"}
{"timestamp":"2026-01-07T18:52:26.582317","level":"info","event":"Filling up the DagBag from /opt/airflow/dags/DAG_Alumnos.py","logger":"airflow.models.dagbag.DagBag"}
{"timestamp":"2026-01-07T18:52:56.965214","level":"info","event":"Filling up the DagBag from /opt/airflow/dags/DAG_Alumnos.py","logger":"airflow.models.dagbag.DagBag"}
{"timestamp":"2026-01-07T18:53:27.388086","level":"info","event":"Filling up the DagBag from /opt/airflow/dags/DAG_Alumnos.py","logger":"airflow.models.dagbag.DagBag"}
{"timestamp":"2026-01-07T18:53:57.788364","level":"info","event":"Filling up the DagBag from /opt/airflow/dags/DAG_Alumnos.py","logger":"airflow.models.dagbag.DagBag"}
{"timestamp":"2026-01-07T18:54:28.198289","level":"info","event":"Filling up the DagBag from /opt/airflow/dags/DAG_Alumnos.py","logger":"airflow.models.dagbag.DagBag"}
{"timestamp":"2026-01-07T18:54:58.606158","level":"info","event":"Filling up the DagBag from /opt/airflow/dags/DAG_Alumnos.py","logger":"airflow.models.dagbag.DagBag"}
{"timestamp":"2026-01-07T18:55:29.005859","level":"info","event":"Filling up the DagBag from /opt/airflow/dags/DAG_Alumnos.py","logger":"airflow.models.dagbag.DagBag"}
{"timestamp":"2026-01-07T18:55:59.400423","level":"info","event":"Filling up the DagBag from /opt/airflow/dags/DAG_Alumnos.py","logger":"airflow.models.dagbag.DagBag"}
{"timestamp":"2026-01-07T18:56:29.810436","level":"info","event":"Filling up the DagBag from /opt/airflow/dags/DAG_Alumnos.py","logger":"airflow.models.dagbag.DagBag"}
{"timestamp":"2026-01-07T18:57:00.247578","level":"info","event":"Filling up the DagBag from /opt/airflow/dags/DAG_Alumnos.py","logger":"airflow.models.dagbag.DagBag"}
{"timestamp":"2026-01-07T18:57:30.669420","level":"info","event":"Filling up the DagBag from /opt/airflow/dags/DAG_Alumnos.py","logger":"airflow.models.dagbag.DagBag"}
{"timestamp":"2026-01-07T18:58:01.075188","level":"info","event":"Filling up the DagBag from /opt/airflow/dags/DAG_Alumnos.py","logger":"airflow.models.dagbag.DagBag"}
{"timestamp":"2026-01-07T18:58:31.476671","level":"info","event":"Filling up the DagBag from /opt/airflow/dags/DAG_Alumnos.py","logger":"airflow.models.dagbag.DagBag"}
{"timestamp":"2026-01-07T18:59:01.918413","level":"info","event":"Filling up the DagBag from /opt/airflow/dags/DAG_Alumnos.py","logger":"airflow.models.dagbag.DagBag"}
{"timestamp":"2026-01-07T18:59:32.323559","level":"info","event":"Filling up the DagBag from /opt/airflow/dags/DAG_Alumnos.py","logger":"airflow.models.dagbag.DagBag"}
{"timestamp":"2026-01-07T19:00:02.684343","level":"info","event":"Filling up the DagBag from /opt/airflow/dags/DAG_Alumnos.py","logger":"airflow.models.dagbag.DagBag"}
{"timestamp":"2026-01-07T19:00:33.103352","level":"info","event":"Filling up the DagBag from /opt/airflow/dags/DAG_Alumnos.py","logger":"airflow.models.dagbag.DagBag"}
{"timestamp":"2026-01-07T19:01:03.511367","level":"info","event":"Filling up the DagBag from /opt/airflow/dags/DAG_Alumnos.py","logger":"airflow.models.dagbag.DagBag"}
{"timestamp":"2026-01-07T19:01:33.948964","level":"info","event":"Filling up the DagBag from /opt/airflow/dags/DAG_Alumnos.py","logger":"airflow.models.dagbag.DagBag"}
{"timestamp":"2026-01-07T19:02:04.340954","level":"info","event":"Filling up the DagBag from /opt/airflow/dags/DAG_Alumnos.py","logger":"airflow.models.dagbag.DagBag"}
{"timestamp":"2026-01-07T19:02:34.757406","level":"info","event":"Filling up the DagBag from /opt/airflow/dags/DAG_Alumnos.py","logger":"airflow.models.dagbag.DagBag"}
{"timestamp":"2026-01-07T19:03:05.152043","level":"info","event":"Filling up the DagBag from /opt/airflow/dags/DAG_Alumnos.py","logger":"airflow.models.dagbag.DagBag"}
{"timestamp":"2026-01-07T19:03:35.602804","level":"info","event":"Filling up the DagBag from /opt/airflow/dags/DAG_Alumnos.py","logger":"airflow.models.dagbag.DagBag"}
{"timestamp":"2026-01-07T19:04:06.047794","level":"info","event":"Filling up the DagBag from /opt/airflow/dags/DAG_Alumnos.py","logger":"airflow.models.dagbag.DagBag"}
{"timestamp":"2026-01-07T19:04:36.450425","level":"info","event":"Filling up the DagBag from /opt/airflow/dags/DAG_Alumnos.py","logger":"airflow.models.dagbag.DagBag"}
{"timestamp":"2026-01-07T19:05:06.895683","level":"info","event":"Filling up the DagBag from /opt/airflow/dags/DAG_Alumnos.py","logger":"airflow.models.dagbag.DagBag"}
{"timestamp":"2026-01-07T19:05:37.335694","level":"info","event":"Filling up the DagBag from /opt/airflow/dags/DAG_Alumnos.py","logger":"airflow.models.dagbag.DagBag"}
{"timestamp":"2026-01-07T19:06:07.755446","level":"info","event":"Filling up the DagBag from /opt/airflow/dags/DAG_Alumnos.py","logger":"airflow.models.dagbag.DagBag"}
{"timestamp":"2026-01-07T19:06:38.155431","level":"info","event":"Filling up the DagBag from /opt/airflow/dags/DAG_Alumnos.py","logger":"airflow.models.dagbag.DagBag"}
{"timestamp":"2026-01-07T19:07:08.562659","level":"info","event":"Filling up the DagBag from /opt/airflow/dags/DAG_Alumnos.py","logger":"airflow.models.dagbag.DagBag"}
{"timestamp":"2026-01-07T19:07:49.454295","level":"info","event":"Filling up the DagBag from /opt/airflow/dags/DAG_Alumnos.py","logger":"airflow.models.dagbag.DagBag"}
{"timestamp":"2026-01-07T19:08:19.891058","level":"info","event":"Filling up the DagBag from /opt/airflow/dags/DAG_Alumnos.py","logger":"airflow.models.dagbag.DagBag"}
{"timestamp":"2026-01-07T19:08:50.293227","level":"info","event":"Filling up the DagBag from /opt/airflow/dags/DAG_Alumnos.py","logger":"airflow.models.dagbag.DagBag"}
{"timestamp":"2026-01-07T19:09:20.690625","level":"info","event":"Filling up the DagBag from /opt/airflow/dags/DAG_Alumnos.py","logger":"airflow.models.dagbag.DagBag"}
{"timestamp":"2026-01-07T19:09:51.589896","level":"info","event":"Filling up the DagBag from /opt/airflow/dags/DAG_Alumnos.py","logger":"airflow.models.dagbag.DagBag"}
{"timestamp":"2026-01-07T19:12:41.443675","level":"info","event":"Filling up the DagBag from /opt/airflow/dags/DAG_Alumnos.py","logger":"airflow.models.dagbag.DagBag"}
{"timestamp":"2026-01-07T19:13:11.873344","level":"info","event":"Filling up the DagBag from /opt/airflow/dags/DAG_Alumnos.py","logger":"airflow.models.dagbag.DagBag"}
{"timestamp":"2026-01-07T19:13:42.305222","level":"info","event":"Filling up the DagBag from /opt/airflow/dags/DAG_Alumnos.py","logger":"airflow.models.dagbag.DagBag"}
{"timestamp":"2026-01-07T19:14:12.685345","level":"info","event":"Filling up the DagBag from /opt/airflow/dags/DAG_Alumnos.py","logger":"airflow.models.dagbag.DagBag"}
{"timestamp":"2026-01-07T19:14:43.112644","level":"info","event":"Filling up the DagBag from /opt/airflow/dags/DAG_Alumnos.py","logger":"airflow.models.dagbag.DagBag"}
{"timestamp":"2026-01-07T19:15:13.511592","level":"info","event":"Filling up the DagBag from /opt/airflow/dags/DAG_Alumnos.py","logger":"airflow.models.dagbag.DagBag"}
{"timestamp":"2026-01-07T19:15:43.872145","level":"info","event":"Filling up the DagBag from /opt/airflow/dags/DAG_Alumnos.py","logger":"airflow.models.dagbag.DagBag"}
{"timestamp":"2026-01-07T19:16:14.273773","level":"info","event":"Filling up the DagBag from /opt/airflow/dags/DAG_Alumnos.py","logger":"airflow.models.dagbag.DagBag"}
{"timestamp":"2026-01-07T19:16:44.709161","level":"info","event":"Filling up the DagBag from /opt/airflow/dags/DAG_Alumnos.py","logger":"airflow.models.dagbag.DagBag"}
{"timestamp":"2026-01-07T19:17:15.146719","level":"info","event":"Filling up the DagBag from /opt/airflow/dags/DAG_Alumnos.py","logger":"airflow.models.dagbag.DagBag"}
{"timestamp":"2026-01-07T19:17:45.599255","level":"info","event":"Filling up the DagBag from /opt/airflow/dags/DAG_Alumnos.py","logger":"airflow.models.dagbag.DagBag"}
{"timestamp":"2026-01-07T19:18:16.077432","level":"info","event":"Filling up the DagBag from /opt/airflow/dags/DAG_Alumnos.py","logger":"airflow.models.dagbag.DagBag"}
{"timestamp":"2026-01-07T19:18:46.486126","level":"info","event":"Filling up the DagBag from /opt/airflow/dags/DAG_Alumnos.py","logger":"airflow.models.dagbag.DagBag"}
{"timestamp":"2026-01-07T19:19:16.891509","level":"info","event":"Filling up the DagBag from /opt/airflow/dags/DAG_Alumnos.py","logger":"airflow.models.dagbag.DagBag"}
{"timestamp":"2026-01-07T19:19:47.304482","level":"info","event":"Filling up the DagBag from /opt/airflow/dags/DAG_Alumnos.py","logger":"airflow.models.dagbag.DagBag"}
{"timestamp":"2026-01-07T19:20:17.718237","level":"info","event":"Filling up the DagBag from /opt/airflow/dags/DAG_Alumnos.py","logger":"airflow.models.dagbag.DagBag"}
{"timestamp":"2026-01-07T19:20:48.118724","level":"info","event":"Filling up the DagBag from /opt/airflow/dags/DAG_Alumnos.py","logger":"airflow.models.dagbag.DagBag"}
{"timestamp":"2026-01-07T19:21:18.494905","level":"info","event":"Filling up the DagBag from /opt/airflow/dags/DAG_Alumnos.py","logger":"airflow.models.dagbag.DagBag"}
{"timestamp":"2026-01-07T19:21:48.930047","level":"info","event":"Filling up the DagBag from /opt/airflow/dags/DAG_Alumnos.py","logger":"airflow.models.dagbag.DagBag"}
{"timestamp":"2026-01-07T19:22:19.352781","level":"info","event":"Filling up the DagBag from /opt/airflow/dags/DAG_Alumnos.py","logger":"airflow.models.dagbag.DagBag"}
{"timestamp":"2026-01-07T19:22:49.783381","level":"info","event":"Filling up the DagBag from /opt/airflow/dags/DAG_Alumnos.py","logger":"airflow.models.dagbag.DagBag"}
{"timestamp":"2026-01-07T19:23:20.196599","level":"info","event":"Filling up the DagBag from /opt/airflow/dags/DAG_Alumnos.py","logger":"airflow.models.dagbag.DagBag"}
{"timestamp":"2026-01-07T19:23:50.669601","level":"info","event":"Filling up the DagBag from /opt/airflow/dags/DAG_Alumnos.py","logger":"airflow.models.dagbag.DagBag"}
{"timestamp":"2026-01-07T19:24:21.095225","level":"info","event":"Filling up the DagBag from /opt/airflow/dags/DAG_Alumnos.py","logger":"airflow.models.dagbag.DagBag"}
{"timestamp":"2026-01-07T19:24:51.455344","level":"info","event":"Filling up the DagBag from /opt/airflow/dags/DAG_Alumnos.py","logger":"airflow.models.dagbag.DagBag"}
{"timestamp":"2026-01-07T19:25:21.871711","level":"info","event":"Filling up the DagBag from /opt/airflow/dags/DAG_Alumnos.py","logger":"airflow.models.dagbag.DagBag"}
{"timestamp":"2026-01-07T19:25:52.274631","level":"info","event":"Filling up the DagBag from /opt/airflow/dags/DAG_Alumnos.py","logger":"airflow.models.dagbag.DagBag"}
{"timestamp":"2026-01-07T19:26:22.674833","level":"info","event":"Filling up the DagBag from /opt/airflow/dags/DAG_Alumnos.py","logger":"airflow.models.dagbag.DagBag"}
{"timestamp":"2026-01-07T19:26:53.078878","level":"info","event":"Filling up the DagBag from /opt/airflow/dags/DAG_Alumnos.py","logger":"airflow.models.dagbag.DagBag"}
{"timestamp":"2026-01-07T19:27:23.473110","level":"info","event":"Filling up the DagBag from /opt/airflow/dags/DAG_Alumnos.py","logger":"airflow.models.dagbag.DagBag"}
{"timestamp":"2026-01-07T19:27:53.904270","level":"info","event":"Filling up the DagBag from /opt/airflow/dags/DAG_Alumnos.py","logger":"airflow.models.dagbag.DagBag"}
{"timestamp":"2026-01-07T19:28:24.307572","level":"info","event":"Filling up the DagBag from /opt/airflow/dags/DAG_Alumnos.py","logger":"airflow.models.dagbag.DagBag"}
{"timestamp":"2026-01-07T19:28:54.742779","level":"info","event":"Filling up the DagBag from /opt/airflow/dags/DAG_Alumnos.py","logger":"airflow.models.dagbag.DagBag"}
{"timestamp":"2026-01-07T19:29:25.159333","level":"info","event":"Filling up the DagBag from /opt/airflow/dags/DAG_Alumnos.py","logger":"airflow.models.dagbag.DagBag"}
{"timestamp":"2026-01-07T19:29:55.564211","level":"info","event":"Filling up the DagBag from /opt/airflow/dags/DAG_Alumnos.py","logger":"airflow.models.dagbag.DagBag"}
{"timestamp":"2026-01-07T19:30:25.955702","level":"info","event":"Filling up the DagBag from /opt/airflow/dags/DAG_Alumnos.py","logger":"airflow.models.dagbag.DagBag"}
{"timestamp":"2026-01-07T19:30:56.363904","level":"info","event":"Filling up the DagBag from /opt/airflow/dags/DAG_Alumnos.py","logger":"airflow.models.dagbag.DagBag"}
{"timestamp":"2026-01-07T19:31:26.777492","level":"info","event":"Filling up the DagBag from /opt/airflow/dags/DAG_Alumnos.py","logger":"airflow.models.dagbag.DagBag"}
{"timestamp":"2026-01-07T19:31:57.226691","level":"info","event":"Filling up the DagBag from /opt/airflow/dags/DAG_Alumnos.py","logger":"airflow.models.dagbag.DagBag"}
{"timestamp":"2026-01-07T19:32:27.672918","level":"info","event":"Filling up the DagBag from /opt/airflow/dags/DAG_Alumnos.py","logger":"airflow.models.dagbag.DagBag"}
{"timestamp":"2026-01-07T19:32:58.084907","level":"info","event":"Filling up the DagBag from /opt/airflow/dags/DAG_Alumnos.py","logger":"airflow.models.dagbag.DagBag"}
{"timestamp":"2026-01-07T19:33:28.493255","level":"info","event":"Filling up the DagBag from /opt/airflow/dags/DAG_Alumnos.py","logger":"airflow.models.dagbag.DagBag"}
{"timestamp":"2026-01-07T19:33:58.928110","level":"info","event":"Filling up the DagBag from /opt/airflow/dags/DAG_Alumnos.py","logger":"airflow.models.dagbag.DagBag"}
{"timestamp":"2026-01-07T19:34:29.366098","level":"info","event":"Filling up the DagBag from /opt/airflow/dags/DAG_Alumnos.py","logger":"airflow.models.dagbag.DagBag"}
{"timestamp":"2026-01-07T19:34:59.794130","level":"info","event":"Filling up the DagBag from /opt/airflow/dags/DAG_Alumnos.py","logger":"airflow.models.dagbag.DagBag"}
{"timestamp":"2026-01-07T19:35:30.210837","level":"info","event":"Filling up the DagBag from /opt/airflow/dags/DAG_Alumnos.py","logger":"airflow.models.dagbag.DagBag"}
{"timestamp":"2026-01-07T19:36:00.613439","level":"info","event":"Filling up the DagBag from /opt/airflow/dags/DAG_Alumnos.py","logger":"airflow.models.dagbag.DagBag"}
{"timestamp":"2026-01-07T19:36:31.048741","level":"info","event":"Filling up the DagBag from /opt/airflow/dags/DAG_Alumnos.py","logger":"airflow.models.dagbag.DagBag"}
{"timestamp":"2026-01-07T19:37:01.452324","level":"info","event":"Filling up the DagBag from /opt/airflow/dags/DAG_Alumnos.py","logger":"airflow.models.dagbag.DagBag"}
{"timestamp":"2026-01-07T19:37:31.846969","level":"info","event":"Filling up the DagBag from /opt/airflow/dags/DAG_Alumnos.py","logger":"airflow.models.dagbag.DagBag"}
{"timestamp":"2026-01-07T19:38:02.285596","level":"info","event":"Filling up the DagBag from /opt/airflow/dags/DAG_Alumnos.py","logger":"airflow.models.dagbag.DagBag"}
{"timestamp":"2026-01-07T19:38:32.693703","level":"info","event":"Filling up the DagBag from /opt/airflow/dags/DAG_Alumnos.py","logger":"airflow.models.dagbag.DagBag"}
{"timestamp":"2026-01-07T19:39:03.089159","level":"info","event":"Filling up the DagBag from /opt/airflow/dags/DAG_Alumnos.py","logger":"airflow.models.dagbag.DagBag"}
{"timestamp":"2026-01-07T19:39:33.485116","level":"info","event":"Filling up the DagBag from /opt/airflow/dags/DAG_Alumnos.py","logger":"airflow.models.dagbag.DagBag"}
{"timestamp":"2026-01-07T19:40:03.900881","level":"info","event":"Filling up the DagBag from /opt/airflow/dags/DAG_Alumnos.py","logger":"airflow.models.dagbag.DagBag"}
{"timestamp":"2026-01-07T19:40:34.330084","level":"info","event":"Filling up the DagBag from /opt/airflow/dags/DAG_Alumnos.py","logger":"airflow.models.dagbag.DagBag"}
{"timestamp":"2026-01-07T19:41:04.760021","level":"info","event":"Filling up the DagBag from /opt/airflow/dags/DAG_Alumnos.py","logger":"airflow.models.dagbag.DagBag"}
