{"timestamp":"2026-01-15T18:30:47.979082","level":"info","event":"DAG bundles loaded: dags-folder","logger":"airflow.dag_processing.bundles.manager.DagBundlesManager"}
{"timestamp":"2026-01-15T18:30:47.979656","level":"info","event":"Filling up the DagBag from /opt/airflow/dags/dag_bd.py","logger":"airflow.models.dagbag.DagBag"}
{"timestamp":"2026-01-15T18:30:48.269350","level":"info","event":"Poking for tasks ['limpieza_silver'] in dag dag_limpiar on 2026-01-15T18:30:46.289000+00:00 ... ","logger":"airflow.task.operators.airflow.providers.standard.sensors.external_task.ExternalTaskSensor"}
{"timestamp":"2026-01-15T18:30:48.298158","level":"info","event":"Rescheduling task, marking task as UP_FOR_RESCHEDULE","logger":"task"}
{"timestamp":"2026-01-15T18:31:48.623935","level":"info","event":"DAG bundles loaded: dags-folder","logger":"airflow.dag_processing.bundles.manager.DagBundlesManager"}
{"timestamp":"2026-01-15T18:31:48.624548","level":"info","event":"Filling up the DagBag from /opt/airflow/dags/dag_bd.py","logger":"airflow.models.dagbag.DagBag"}
{"timestamp":"2026-01-15T18:31:49.023174","level":"info","event":"Poking for tasks ['limpieza_silver'] in dag dag_limpiar on 2026-01-15T18:30:46.289000+00:00 ... ","logger":"airflow.task.operators.airflow.providers.standard.sensors.external_task.ExternalTaskSensor"}
{"timestamp":"2026-01-15T18:31:49.034810","level":"info","event":"Rescheduling task, marking task as UP_FOR_RESCHEDULE","logger":"task"}
{"timestamp":"2026-01-15T18:32:49.939007","level":"info","event":"DAG bundles loaded: dags-folder","logger":"airflow.dag_processing.bundles.manager.DagBundlesManager"}
{"timestamp":"2026-01-15T18:32:49.939620","level":"info","event":"Filling up the DagBag from /opt/airflow/dags/dag_bd.py","logger":"airflow.models.dagbag.DagBag"}
{"timestamp":"2026-01-15T18:32:50.807232","level":"info","event":"Poking for tasks ['limpieza_silver'] in dag dag_limpiar on 2026-01-15T18:30:46.289000+00:00 ... ","logger":"airflow.task.operators.airflow.providers.standard.sensors.external_task.ExternalTaskSensor"}
{"timestamp":"2026-01-15T18:32:50.815444","level":"info","event":"Rescheduling task, marking task as UP_FOR_RESCHEDULE","logger":"task"}
{"timestamp":"2026-01-15T18:33:52.060414","level":"info","event":"DAG bundles loaded: dags-folder","logger":"airflow.dag_processing.bundles.manager.DagBundlesManager"}
{"timestamp":"2026-01-15T18:33:52.061259","level":"info","event":"Filling up the DagBag from /opt/airflow/dags/dag_bd.py","logger":"airflow.models.dagbag.DagBag"}
{"timestamp":"2026-01-15T18:33:52.611675","level":"info","event":"Poking for tasks ['limpieza_silver'] in dag dag_limpiar on 2026-01-15T18:30:46.289000+00:00 ... ","logger":"airflow.task.operators.airflow.providers.standard.sensors.external_task.ExternalTaskSensor"}
{"timestamp":"2026-01-15T18:33:52.624674","level":"info","event":"Rescheduling task, marking task as UP_FOR_RESCHEDULE","logger":"task"}
{"timestamp":"2026-01-15T18:34:53.065587","level":"info","event":"DAG bundles loaded: dags-folder","logger":"airflow.dag_processing.bundles.manager.DagBundlesManager"}
{"timestamp":"2026-01-15T18:34:53.066719","level":"info","event":"Filling up the DagBag from /opt/airflow/dags/dag_bd.py","logger":"airflow.models.dagbag.DagBag"}
{"timestamp":"2026-01-15T18:34:53.524103","level":"info","event":"Poking for tasks ['limpieza_silver'] in dag dag_limpiar on 2026-01-15T18:30:46.289000+00:00 ... ","logger":"airflow.task.operators.airflow.providers.standard.sensors.external_task.ExternalTaskSensor"}
{"timestamp":"2026-01-15T18:34:53.535284","level":"info","event":"Rescheduling task, marking task as UP_FOR_RESCHEDULE","logger":"task"}
{"timestamp":"2026-01-15T18:35:54.427892","level":"info","event":"DAG bundles loaded: dags-folder","logger":"airflow.dag_processing.bundles.manager.DagBundlesManager"}
{"timestamp":"2026-01-15T18:35:54.428474","level":"info","event":"Filling up the DagBag from /opt/airflow/dags/dag_bd.py","logger":"airflow.models.dagbag.DagBag"}
{"timestamp":"2026-01-15T18:35:54.824318","level":"info","event":"Poking for tasks ['limpieza_silver'] in dag dag_limpiar on 2026-01-15T18:30:46.289000+00:00 ... ","logger":"airflow.task.operators.airflow.providers.standard.sensors.external_task.ExternalTaskSensor"}
{"timestamp":"2026-01-15T18:35:54.833258","level":"info","event":"Rescheduling task, marking task as UP_FOR_RESCHEDULE","logger":"task"}
{"timestamp":"2026-01-15T18:36:55.322929","level":"info","event":"DAG bundles loaded: dags-folder","logger":"airflow.dag_processing.bundles.manager.DagBundlesManager"}
{"timestamp":"2026-01-15T18:36:55.323493","level":"info","event":"Filling up the DagBag from /opt/airflow/dags/dag_bd.py","logger":"airflow.models.dagbag.DagBag"}
{"timestamp":"2026-01-15T18:36:55.823310","level":"info","event":"Poking for tasks ['limpieza_silver'] in dag dag_limpiar on 2026-01-15T18:30:46.289000+00:00 ... ","logger":"airflow.task.operators.airflow.providers.standard.sensors.external_task.ExternalTaskSensor"}
{"timestamp":"2026-01-15T18:36:55.833918","level":"info","event":"Rescheduling task, marking task as UP_FOR_RESCHEDULE","logger":"task"}
{"timestamp":"2026-01-15T18:37:56.165921","level":"info","event":"DAG bundles loaded: dags-folder","logger":"airflow.dag_processing.bundles.manager.DagBundlesManager"}
{"timestamp":"2026-01-15T18:37:56.166551","level":"info","event":"Filling up the DagBag from /opt/airflow/dags/dag_bd.py","logger":"airflow.models.dagbag.DagBag"}
{"timestamp":"2026-01-15T18:37:56.537156","level":"info","event":"Poking for tasks ['limpieza_silver'] in dag dag_limpiar on 2026-01-15T18:30:46.289000+00:00 ... ","logger":"airflow.task.operators.airflow.providers.standard.sensors.external_task.ExternalTaskSensor"}
{"timestamp":"2026-01-15T18:37:56.547656","level":"info","event":"Rescheduling task, marking task as UP_FOR_RESCHEDULE","logger":"task"}
{"timestamp":"2026-01-21T15:31:45.555971","level":"info","event":"DAG bundles loaded: dags-folder","logger":"airflow.dag_processing.bundles.manager.DagBundlesManager"}
{"timestamp":"2026-01-21T15:31:45.556469","level":"info","event":"Filling up the DagBag from /opt/airflow/dags/dag_bd.py","logger":"airflow.models.dagbag.DagBag"}
{"timestamp":"2026-01-21T15:31:45.950314","level":"info","event":"Poking for tasks ['limpieza_silver'] in dag dag_limpiar on 2026-01-15T18:30:46.289000+00:00 ... ","logger":"airflow.task.operators.airflow.providers.standard.sensors.external_task.ExternalTaskSensor"}
{"timestamp":"2026-01-21T15:31:45.958940","level":"error","event":"Task failed with exception","logger":"task","error_detail":[{"exc_type":"AirflowSensorTimeout","exc_value":"Sensor has timed out; run duration of 507657.651736 seconds exceeds the specified timeout of 600.0.","exc_notes":[],"syntax_error":null,"is_cause":false,"frames":[{"filename":"/home/airflow/.local/lib/python3.12/site-packages/airflow/sdk/execution_time/task_runner.py","lineno":838,"name":"run"},{"filename":"/home/airflow/.local/lib/python3.12/site-packages/airflow/sdk/execution_time/task_runner.py","lineno":1130,"name":"_execute_task"},{"filename":"/home/airflow/.local/lib/python3.12/site-packages/airflow/sdk/bases/operator.py","lineno":408,"name":"wrapper"},{"filename":"/home/airflow/.local/lib/python3.12/site-packages/airflow/providers/standard/sensors/external_task.py","lineno":418,"name":"execute"},{"filename":"/home/airflow/.local/lib/python3.12/site-packages/airflow/sdk/bases/operator.py","lineno":408,"name":"wrapper"},{"filename":"/home/airflow/.local/lib/python3.12/site-packages/airflow/sdk/bases/sensor.py","lineno":243,"name":"execute"}]}]}
