{"timestamp":"2026-01-15T18:28:44.461250","level":"info","event":"DAG bundles loaded: dags-folder","logger":"airflow.dag_processing.bundles.manager.DagBundlesManager"}
{"timestamp":"2026-01-15T18:28:44.461575","level":"info","event":"Filling up the DagBag from /opt/airflow/dags/dag_bd.py","logger":"airflow.models.dagbag.DagBag"}
{"timestamp":"2026-01-15T18:28:44.837931","level":"info","event":"Poking for tasks ['limpieza_silver'] in dag dag_limpiar on 2026-01-15T18:28:42.505000+00:00 ... ","logger":"airflow.task.operators.airflow.providers.standard.sensors.external_task.ExternalTaskSensor"}
{"timestamp":"2026-01-15T18:28:45.173995","level":"info","event":"Rescheduling task, marking task as UP_FOR_RESCHEDULE","logger":"task"}
{"timestamp":"2026-01-15T18:30:48.058262","level":"info","event":"DAG bundles loaded: dags-folder","logger":"airflow.dag_processing.bundles.manager.DagBundlesManager"}
{"timestamp":"2026-01-15T18:30:48.058608","level":"info","event":"Filling up the DagBag from /opt/airflow/dags/dag_bd.py","logger":"airflow.models.dagbag.DagBag"}
{"timestamp":"2026-01-15T18:30:48.422931","level":"info","event":"Poking for tasks ['limpieza_silver'] in dag dag_limpiar on 2026-01-15T18:28:42.505000+00:00 ... ","logger":"airflow.task.operators.airflow.providers.standard.sensors.external_task.ExternalTaskSensor"}
{"timestamp":"2026-01-15T18:30:48.433341","level":"info","event":"Rescheduling task, marking task as UP_FOR_RESCHEDULE","logger":"task"}
{"timestamp":"2026-01-15T18:31:49.730181","level":"info","event":"DAG bundles loaded: dags-folder","logger":"airflow.dag_processing.bundles.manager.DagBundlesManager"}
{"timestamp":"2026-01-15T18:31:49.730596","level":"info","event":"Filling up the DagBag from /opt/airflow/dags/dag_bd.py","logger":"airflow.models.dagbag.DagBag"}
{"timestamp":"2026-01-15T18:31:49.996782","level":"info","event":"Poking for tasks ['limpieza_silver'] in dag dag_limpiar on 2026-01-15T18:28:42.505000+00:00 ... ","logger":"airflow.task.operators.airflow.providers.standard.sensors.external_task.ExternalTaskSensor"}
{"timestamp":"2026-01-15T18:31:50.004658","level":"info","event":"Rescheduling task, marking task as UP_FOR_RESCHEDULE","logger":"task"}
{"timestamp":"2026-01-15T18:32:50.303311","level":"info","event":"DAG bundles loaded: dags-folder","logger":"airflow.dag_processing.bundles.manager.DagBundlesManager"}
{"timestamp":"2026-01-15T18:32:50.303845","level":"info","event":"Filling up the DagBag from /opt/airflow/dags/dag_bd.py","logger":"airflow.models.dagbag.DagBag"}
{"timestamp":"2026-01-15T18:32:50.684259","level":"info","event":"Poking for tasks ['limpieza_silver'] in dag dag_limpiar on 2026-01-15T18:28:42.505000+00:00 ... ","logger":"airflow.task.operators.airflow.providers.standard.sensors.external_task.ExternalTaskSensor"}
{"timestamp":"2026-01-15T18:32:50.698558","level":"info","event":"Rescheduling task, marking task as UP_FOR_RESCHEDULE","logger":"task"}
{"timestamp":"2026-01-15T18:33:51.540830","level":"info","event":"DAG bundles loaded: dags-folder","logger":"airflow.dag_processing.bundles.manager.DagBundlesManager"}
{"timestamp":"2026-01-15T18:33:51.541230","level":"info","event":"Filling up the DagBag from /opt/airflow/dags/dag_bd.py","logger":"airflow.models.dagbag.DagBag"}
{"timestamp":"2026-01-15T18:33:52.043225","level":"info","event":"Poking for tasks ['limpieza_silver'] in dag dag_limpiar on 2026-01-15T18:28:42.505000+00:00 ... ","logger":"airflow.task.operators.airflow.providers.standard.sensors.external_task.ExternalTaskSensor"}
{"timestamp":"2026-01-15T18:33:52.053717","level":"info","event":"Rescheduling task, marking task as UP_FOR_RESCHEDULE","logger":"task"}
{"timestamp":"2026-01-15T18:34:53.065587","level":"info","event":"DAG bundles loaded: dags-folder","logger":"airflow.dag_processing.bundles.manager.DagBundlesManager"}
{"timestamp":"2026-01-15T18:34:53.066719","level":"info","event":"Filling up the DagBag from /opt/airflow/dags/dag_bd.py","logger":"airflow.models.dagbag.DagBag"}
{"timestamp":"2026-01-15T18:34:53.524676","level":"info","event":"Poking for tasks ['limpieza_silver'] in dag dag_limpiar on 2026-01-15T18:28:42.505000+00:00 ... ","logger":"airflow.task.operators.airflow.providers.standard.sensors.external_task.ExternalTaskSensor"}
{"timestamp":"2026-01-15T18:34:53.536520","level":"info","event":"Rescheduling task, marking task as UP_FOR_RESCHEDULE","logger":"task"}
{"timestamp":"2026-01-15T18:35:54.381412","level":"info","event":"DAG bundles loaded: dags-folder","logger":"airflow.dag_processing.bundles.manager.DagBundlesManager"}
{"timestamp":"2026-01-15T18:35:54.382011","level":"info","event":"Filling up the DagBag from /opt/airflow/dags/dag_bd.py","logger":"airflow.models.dagbag.DagBag"}
{"timestamp":"2026-01-15T18:35:54.714082","level":"info","event":"Poking for tasks ['limpieza_silver'] in dag dag_limpiar on 2026-01-15T18:28:42.505000+00:00 ... ","logger":"airflow.task.operators.airflow.providers.standard.sensors.external_task.ExternalTaskSensor"}
{"timestamp":"2026-01-15T18:35:54.724721","level":"info","event":"Rescheduling task, marking task as UP_FOR_RESCHEDULE","logger":"task"}
{"timestamp":"2026-01-15T18:36:55.258662","level":"info","event":"DAG bundles loaded: dags-folder","logger":"airflow.dag_processing.bundles.manager.DagBundlesManager"}
{"timestamp":"2026-01-15T18:36:55.259220","level":"info","event":"Filling up the DagBag from /opt/airflow/dags/dag_bd.py","logger":"airflow.models.dagbag.DagBag"}
{"timestamp":"2026-01-15T18:36:55.676191","level":"info","event":"Poking for tasks ['limpieza_silver'] in dag dag_limpiar on 2026-01-15T18:28:42.505000+00:00 ... ","logger":"airflow.task.operators.airflow.providers.standard.sensors.external_task.ExternalTaskSensor"}
{"timestamp":"2026-01-15T18:36:55.688447","level":"info","event":"Rescheduling task, marking task as UP_FOR_RESCHEDULE","logger":"task"}
{"timestamp":"2026-01-15T18:37:56.161145","level":"info","event":"DAG bundles loaded: dags-folder","logger":"airflow.dag_processing.bundles.manager.DagBundlesManager"}
{"timestamp":"2026-01-15T18:37:56.161490","level":"info","event":"Filling up the DagBag from /opt/airflow/dags/dag_bd.py","logger":"airflow.models.dagbag.DagBag"}
{"timestamp":"2026-01-15T18:37:56.546325","level":"info","event":"Poking for tasks ['limpieza_silver'] in dag dag_limpiar on 2026-01-15T18:28:42.505000+00:00 ... ","logger":"airflow.task.operators.airflow.providers.standard.sensors.external_task.ExternalTaskSensor"}
{"timestamp":"2026-01-15T18:37:56.562259","level":"info","event":"Rescheduling task, marking task as UP_FOR_RESCHEDULE","logger":"task"}
{"timestamp":"2026-01-21T15:31:45.632644","level":"info","event":"DAG bundles loaded: dags-folder","logger":"airflow.dag_processing.bundles.manager.DagBundlesManager"}
{"timestamp":"2026-01-21T15:31:45.633024","level":"info","event":"Filling up the DagBag from /opt/airflow/dags/dag_bd.py","logger":"airflow.models.dagbag.DagBag"}
{"timestamp":"2026-01-21T15:31:46.171940","level":"info","event":"Poking for tasks ['limpieza_silver'] in dag dag_limpiar on 2026-01-15T18:28:42.505000+00:00 ... ","logger":"airflow.task.operators.airflow.providers.standard.sensors.external_task.ExternalTaskSensor"}
{"timestamp":"2026-01-21T15:31:46.180568","level":"error","event":"Task failed with exception","logger":"task","error_detail":[{"exc_type":"AirflowSensorTimeout","exc_value":"Sensor has timed out; run duration of 507780.993859 seconds exceeds the specified timeout of 600.0.","exc_notes":[],"syntax_error":null,"is_cause":false,"frames":[{"filename":"/home/airflow/.local/lib/python3.12/site-packages/airflow/sdk/execution_time/task_runner.py","lineno":838,"name":"run"},{"filename":"/home/airflow/.local/lib/python3.12/site-packages/airflow/sdk/execution_time/task_runner.py","lineno":1130,"name":"_execute_task"},{"filename":"/home/airflow/.local/lib/python3.12/site-packages/airflow/sdk/bases/operator.py","lineno":408,"name":"wrapper"},{"filename":"/home/airflow/.local/lib/python3.12/site-packages/airflow/providers/standard/sensors/external_task.py","lineno":418,"name":"execute"},{"filename":"/home/airflow/.local/lib/python3.12/site-packages/airflow/sdk/bases/operator.py","lineno":408,"name":"wrapper"},{"filename":"/home/airflow/.local/lib/python3.12/site-packages/airflow/sdk/bases/sensor.py","lineno":243,"name":"execute"}]}]}
