{"timestamp":"2026-01-15T18:51:52.598661","level":"info","event":"DAG bundles loaded: dags-folder","logger":"airflow.dag_processing.bundles.manager.DagBundlesManager"}
{"timestamp":"2026-01-15T18:51:52.599586","level":"info","event":"Filling up the DagBag from /opt/airflow/dags/dag_limpiar.py","logger":"airflow.models.dagbag.DagBag"}
{"timestamp":"2026-01-15T18:51:53.118306","level":"info","event":"Poking for tasks ['xml_to_bronze'] in dag dag_datos on 2026-01-15T18:51:47.887000+00:00 ... ","logger":"airflow.task.operators.airflow.providers.standard.sensors.external_task.ExternalTaskSensor"}
{"timestamp":"2026-01-15T18:51:53.392965","level":"info","event":"Rescheduling task, marking task as UP_FOR_RESCHEDULE","logger":"task"}
{"timestamp":"2026-01-15T18:52:54.711708","level":"info","event":"DAG bundles loaded: dags-folder","logger":"airflow.dag_processing.bundles.manager.DagBundlesManager"}
{"timestamp":"2026-01-15T18:52:54.712099","level":"info","event":"Filling up the DagBag from /opt/airflow/dags/dag_limpiar.py","logger":"airflow.models.dagbag.DagBag"}
{"timestamp":"2026-01-15T18:52:54.989556","level":"info","event":"Poking for tasks ['xml_to_bronze'] in dag dag_datos on 2026-01-15T18:51:47.887000+00:00 ... ","logger":"airflow.task.operators.airflow.providers.standard.sensors.external_task.ExternalTaskSensor"}
{"timestamp":"2026-01-15T18:52:55.000345","level":"info","event":"Rescheduling task, marking task as UP_FOR_RESCHEDULE","logger":"task"}
{"timestamp":"2026-01-15T18:53:56.168038","level":"info","event":"DAG bundles loaded: dags-folder","logger":"airflow.dag_processing.bundles.manager.DagBundlesManager"}
{"timestamp":"2026-01-15T18:53:56.168400","level":"info","event":"Filling up the DagBag from /opt/airflow/dags/dag_limpiar.py","logger":"airflow.models.dagbag.DagBag"}
{"timestamp":"2026-01-15T18:53:56.445893","level":"info","event":"Poking for tasks ['xml_to_bronze'] in dag dag_datos on 2026-01-15T18:51:47.887000+00:00 ... ","logger":"airflow.task.operators.airflow.providers.standard.sensors.external_task.ExternalTaskSensor"}
{"timestamp":"2026-01-15T18:53:56.455731","level":"info","event":"Rescheduling task, marking task as UP_FOR_RESCHEDULE","logger":"task"}
{"timestamp":"2026-01-15T18:54:57.113667","level":"info","event":"DAG bundles loaded: dags-folder","logger":"airflow.dag_processing.bundles.manager.DagBundlesManager"}
{"timestamp":"2026-01-15T18:54:57.114304","level":"info","event":"Filling up the DagBag from /opt/airflow/dags/dag_limpiar.py","logger":"airflow.models.dagbag.DagBag"}
{"timestamp":"2026-01-15T18:54:57.488814","level":"info","event":"Poking for tasks ['xml_to_bronze'] in dag dag_datos on 2026-01-15T18:51:47.887000+00:00 ... ","logger":"airflow.task.operators.airflow.providers.standard.sensors.external_task.ExternalTaskSensor"}
{"timestamp":"2026-01-15T18:54:57.500239","level":"info","event":"Rescheduling task, marking task as UP_FOR_RESCHEDULE","logger":"task"}
{"timestamp":"2026-01-15T18:55:59.359426","level":"info","event":"DAG bundles loaded: dags-folder","logger":"airflow.dag_processing.bundles.manager.DagBundlesManager"}
{"timestamp":"2026-01-15T18:55:59.359786","level":"info","event":"Filling up the DagBag from /opt/airflow/dags/dag_limpiar.py","logger":"airflow.models.dagbag.DagBag"}
{"timestamp":"2026-01-15T18:55:59.906637","level":"info","event":"Poking for tasks ['xml_to_bronze'] in dag dag_datos on 2026-01-15T18:51:47.887000+00:00 ... ","logger":"airflow.task.operators.airflow.providers.standard.sensors.external_task.ExternalTaskSensor"}
{"timestamp":"2026-01-15T18:55:59.917467","level":"info","event":"Rescheduling task, marking task as UP_FOR_RESCHEDULE","logger":"task"}
{"timestamp":"2026-01-21T15:31:50.819881","level":"info","event":"DAG bundles loaded: dags-folder","logger":"airflow.dag_processing.bundles.manager.DagBundlesManager"}
{"timestamp":"2026-01-21T15:31:50.820513","level":"info","event":"Filling up the DagBag from /opt/airflow/dags/dag_limpiar.py","logger":"airflow.models.dagbag.DagBag"}
{"timestamp":"2026-01-21T15:31:51.052573","level":"info","event":"Poking for tasks ['xml_to_bronze'] in dag dag_datos on 2026-01-15T18:51:47.887000+00:00 ... ","logger":"airflow.task.operators.airflow.providers.standard.sensors.external_task.ExternalTaskSensor"}
{"timestamp":"2026-01-21T15:31:51.060832","level":"error","event":"Task failed with exception","logger":"task","error_detail":[{"exc_type":"AirflowSensorTimeout","exc_value":"Sensor has timed out; run duration of 506397.653513 seconds exceeds the specified timeout of 600.0.","exc_notes":[],"syntax_error":null,"is_cause":false,"frames":[{"filename":"/home/airflow/.local/lib/python3.12/site-packages/airflow/sdk/execution_time/task_runner.py","lineno":838,"name":"run"},{"filename":"/home/airflow/.local/lib/python3.12/site-packages/airflow/sdk/execution_time/task_runner.py","lineno":1130,"name":"_execute_task"},{"filename":"/home/airflow/.local/lib/python3.12/site-packages/airflow/sdk/bases/operator.py","lineno":408,"name":"wrapper"},{"filename":"/home/airflow/.local/lib/python3.12/site-packages/airflow/providers/standard/sensors/external_task.py","lineno":418,"name":"execute"},{"filename":"/home/airflow/.local/lib/python3.12/site-packages/airflow/sdk/bases/operator.py","lineno":408,"name":"wrapper"},{"filename":"/home/airflow/.local/lib/python3.12/site-packages/airflow/sdk/bases/sensor.py","lineno":243,"name":"execute"}]}]}
